Archive member included because of file (symbol)

contiki-sky.a(contiki-sky-pla)
                              obj_sky/contiki-sky-main.o (init_platform)
contiki-sky.a(button-sensor.o)
                              contiki-sky.a(contiki-sky-pla) (button_sensor)
contiki-sky.a(ds2411.o)       obj_sky/contiki-sky-main.o (ds2411_init)
contiki-sky.a(xmem.o)         obj_sky/contiki-sky-main.o (xmem_init)
contiki-sky.a(node-id.o)      obj_sky/contiki-sky-main.o (node_id_restore)
contiki-sky.a(sensors.o)      contiki-sky.a(button-sensor.o) (sensors_changed)
contiki-sky.a(cc2420.o)       obj_sky/contiki-sky-main.o (cc2420_set_pan_addr)
contiki-sky.a(cc2420-arch.o)  contiki-sky.a(cc2420.o) (cc2420_arch_init)
contiki-sky.a(uart1.o)        obj_sky/contiki-sky-main.o (uart1_active)
contiki-sky.a(uart1-putchar.o)
                              PANC.co (putchar)
contiki-sky.a(msp430.o)       contiki-sky.a(uart1.o) (msp430_add_lpm_req)
contiki-sky.a(clock.o)        obj_sky/contiki-sky-main.o (clock_init)
contiki-sky.a(leds.o)         obj_sky/contiki-sky-main.o (leds_init)
contiki-sky.a(leds-arch.o)    contiki-sky.a(leds.o) (leds_arch_init)
contiki-sky.a(watchdog.o)     obj_sky/contiki-sky-main.o (watchdog_start)
contiki-sky.a(rtimer-arch.o)  PANC.co (rtimer_arch_now)
contiki-sky.a(autostart.o)    obj_sky/contiki-sky-main.o (autostart_start)
contiki-sky.a(energest.o)     obj_sky/contiki-sky-main.o (energest_init)
contiki-sky.a(ctimer.o)       obj_sky/contiki-sky-main.o (ctimer_init)
contiki-sky.a(etimer.o)       contiki-sky.a(clock.o) (etimer_request_poll)
contiki-sky.a(process.o)      contiki-sky.a(ctimer.o) (process_current)
contiki-sky.a(rtimer.o)       obj_sky/contiki-sky-main.o (rtimer_init)
contiki-sky.a(timer.o)        obj_sky/contiki-sky-main.o (timer_set)
contiki-sky.a(serial-line.o)  obj_sky/contiki-sky-main.o (serial_line_input_byte)
contiki-sky.a(list.o)         contiki-sky.a(ctimer.o) (list_init)
contiki-sky.a(random.o)       obj_sky/contiki-sky-main.o (random_init)
contiki-sky.a(ringbuf.o)      contiki-sky.a(serial-line.o) (ringbuf_init)
contiki-sky.a(rime.o)         obj_sky/contiki-sky-main.o (rime_driver)
contiki-sky.a(broadcast-annou)
                              contiki-sky.a(rime.o) (broadcast_announcement_init)
contiki-sky.a(broadcast.o)    PANC.co (broadcast_open)
contiki-sky.a(channel.o)      contiki-sky.a(broadcast.o) (channel_set_attributes)
contiki-sky.a(chameleon.o)    contiki-sky.a(rime.o) (chameleon_init)
contiki-sky.a(abc.o)          contiki-sky.a(broadcast.o) (abc_open)
contiki-sky.a(announcement.o)
                              contiki-sky.a(rime.o) (announcement_init)
contiki-sky.a(csma.o)         obj_sky/contiki-sky-main.o (csma_driver)
contiki-sky.a(mac.o)          contiki-sky.a(csma.o) (mac_call_sent_callback)
contiki-sky.a(queuebuf.o)     contiki-sky.a(rime.o) (queuebuf_init)
contiki-sky.a(packetbuf.o)    contiki-sky.a(rime.o) (packetbuf_compact)
contiki-sky.a(linkaddr.o)     obj_sky/contiki-sky-main.o (linkaddr_copy)
contiki-sky.a(contikimac.o)   obj_sky/contiki-sky-main.o (contikimac_driver)
contiki-sky.a(contikimac-fram)
                              contiki-sky.a(contikimac.o) (contikimac_framer)
contiki-sky.a(nullsec.o)      obj_sky/contiki-sky-main.o (nullsec_driver)
contiki-sky.a(spi.o)          contiki-sky.a(xmem.o) (spi_init)
contiki-sky.a(compower.o)     contiki-sky.a(contikimac.o) (compower_accumulate)
contiki-sky.a(memb.o)         contiki-sky.a(csma.o) (memb_init)
contiki-sky.a(chameleon-bitop)
                              contiki-sky.a(chameleon.o) (chameleon_bitopt)
contiki-sky.a(mac-sequence.o)
                              contiki-sky.a(contikimac.o) (mac_sequence_is_duplicate)
contiki-sky.a(framer-802154.o)
                              contiki-sky.a(contikimac-fram) (framer_802154)
contiki-sky.a(framer.o)       contiki-sky.a(framer-802154.o) (framer_canonical_create_and_secure)
contiki-sky.a(frame802154.o)  contiki-sky.a(framer-802154.o) (frame802154_hdrlen)
/usr/lib/gcc/msp430/4.6.3/mmpy-16/libgcc.a(_mulsi3.o)
                              contiki-sky.a(csma.o) (__mulsi3)
/usr/lib/gcc/msp430/4.6.3/mmpy-16/libgcc.a(_udivmod16.o)
                              PANC.co (__umodhi3)
/usr/lib/gcc/msp430/4.6.3/mmpy-16/libgcc.a(_divmod16.o)
                              PANC.co (__divhi3)
/usr/lib/gcc/msp430/4.6.3/mmpy-16/libgcc.a(_udivmod32.o)
                              obj_sky/contiki-sky-main.o (__udivsi3)
/usr/lib/gcc/msp430/4.6.3/mmpy-16/libgcc.a(_lt_sf.o)
                              PANC.co (__ltsf2)
/usr/lib/gcc/msp430/4.6.3/mmpy-16/libgcc.a(_si_to_sf.o)
                              PANC.co (__floatsisf)
/usr/lib/gcc/msp430/4.6.3/mmpy-16/libgcc.a(_clzsi2.o)
                              /usr/lib/gcc/msp430/4.6.3/mmpy-16/libgcc.a(_si_to_sf.o) (__clzsi2)
/usr/lib/gcc/msp430/4.6.3/mmpy-16/libgcc.a(_pack_sf.o)
                              /usr/lib/gcc/msp430/4.6.3/mmpy-16/libgcc.a(_si_to_sf.o) (__pack_f)
/usr/lib/gcc/msp430/4.6.3/mmpy-16/libgcc.a(_unpack_sf.o)
[...]
Memory Configuration

Name             Origin             Length             Attributes
sfr              0x0000000000000000 0x0000000000000010
peripheral_8bit  0x0000000000000010 0x00000000000000f0
peripheral_16bit 0x0000000000000100 0x0000000000000100
ram_mirror       0x0000000000000200 0x0000000000000800 xw
infomem          0x0000000000001000 0x0000000000000100
infob            0x0000000000001000 0x0000000000000080
infoa            0x0000000000001080 0x0000000000000080
ram              0x0000000000001100 0x0000000000002800 xw
rom              0x0000000000004000 0x000000000000bfe0 xr
vectors          0x000000000000ffe0 0x0000000000000020
bsl              0x0000000000000000 0x0000000000000000
infoc            0x0000000000000000 0x0000000000000000
infod            0x0000000000000000 0x0000000000000000
ram2             0x0000000000000000 0x0000000000000000 xw
usbram           0x0000000000000000 0x0000000000000000 xw
far_rom          0x0000000000000000 0x0000000000000000
*default*        0x0000000000000000 0xffffffffffffffff

Linker script and memory map

LOAD /usr/lib/gcc/msp430/4.6.3/mmpy-16/crt0ivtbl16.o
LOAD PANC.co
LOAD obj_sky/contiki-sky-main.o
LOAD contiki-sky.a
LOAD /usr/lib/gcc/msp430/4.6.3/../../../../msp430/lib/mmpy-16/libm.a
LOAD /usr/lib/gcc/msp430/4.6.3/mmpy-16/libgcc.a
LOAD /usr/lib/gcc/msp430/4.6.3/../../../../msp430/lib/mmpy-16/libc.a
LOAD /usr/lib/gcc/msp430/4.6.3/mmpy-16/libgcc.a
LOAD /usr/lib/gcc/msp430/4.6.3/mmpy-16/libcrt0.a
                0x0000000000000080                PROVIDE (__info_segment_size, 0x80)
                0x0000000000001000                PROVIDE (__infob, 0x1000)
                0x0000000000001080                PROVIDE (__infoa, 0x1080)
                0x0000000000000000                __IE1 = 0x0
                0x0000000000000002                __IFG1 = 0x2
                0x0000000000000004                __ME1 = 0x4
                0x0000000000000001                __IE2 = 0x1
                0x0000000000000003                __IFG2 = 0x3
                0x0000000000000005                __ME2 = 0x5
                0x0000000000000120                __WDTCTL = 0x120
                0x0000000000000130                __MPY = 0x130
                0x0000000000000132                __MPYS = 0x132
                0x0000000000000134                __MAC = 0x134
                0x0000000000000136                __MACS = 0x136
                0x0000000000000138                __OP2 = 0x138
                0x000000000000013a                __RESLO = 0x13a
                0x000000000000013c                __RESHI = 0x13c
                0x000000000000013e                __SUMEXT = 0x13e
                0x0000000000000020                __P1IN = 0x20
                0x0000000000000021                __P1OUT = 0x21
                0x0000000000000022                __P1DIR = 0x22
                0x0000000000000023                __P1IFG = 0x23
                0x0000000000000024                __P1IES = 0x24
                0x0000000000000025                __P1IE = 0x25
                0x0000000000000026                __P1SEL = 0x26
                0x0000000000000028                __P2IN = 0x28
                0x0000000000000029                __P2OUT = 0x29
                0x000000000000002a                __P2DIR = 0x2a
                0x000000000000002b                __P2IFG = 0x2b
                0x000000000000002c                __P2IES = 0x2c
                0x000000000000002d                __P2IE = 0x2d
                0x000000000000002e                __P2SEL = 0x2e
                0x0000000000000018                __P3IN = 0x18
                0x0000000000000019                __P3OUT = 0x19
                0x000000000000001a                __P3DIR = 0x1a
                0x000000000000001b                __P3SEL = 0x1b
                0x000000000000001c                __P4IN = 0x1c
                0x000000000000001d                __P4OUT = 0x1d
                0x000000000000001e                __P4DIR = 0x1e
                0x000000000000001f                __P4SEL = 0x1f
                0x0000000000000030                __P5IN = 0x30
                0x0000000000000031                __P5OUT = 0x31
                0x0000000000000032                __P5DIR = 0x32
                0x0000000000000033                __P5SEL = 0x33
                0x0000000000000034                __P6IN = 0x34
                0x0000000000000035                __P6OUT = 0x35
                0x0000000000000036                __P6DIR = 0x36
                0x0000000000000037                __P6SEL = 0x37
                0x0000000000000070                __U0CTL = 0x70
                0x0000000000000071                __U0TCTL = 0x71
                0x0000000000000072                __U0RCTL = 0x72
                0x0000000000000073                __U0MCTL = 0x73
                0x0000000000000074                __U0BR0 = 0x74
                0x0000000000000075                __U0BR1 = 0x75
                0x0000000000000076                __U0RXBUF = 0x76
                0x0000000000000077                __U0TXBUF = 0x77
                0x0000000000000078                __U1CTL = 0x78
                0x0000000000000079                __U1TCTL = 0x79
                0x000000000000007a                __U1RCTL = 0x7a
                0x000000000000007b                __U1MCTL = 0x7b
                0x000000000000007c                __U1BR0 = 0x7c
                0x000000000000007d                __U1BR1 = 0x7d
                0x000000000000007e                __U1RXBUF = 0x7e
                0x000000000000007f                __U1TXBUF = 0x7f
                0x0000000000000050                __I2CIE = 0x50
                0x0000000000000051                __I2CIFG = 0x51
                0x0000000000000052                __I2CNDAT = 0x52
                0x0000000000000071                __I2CTCTL = 0x71
                0x0000000000000072                __I2CDCTL = 0x72
                0x0000000000000073                __I2CPSC = 0x73
                0x0000000000000074                __I2CSCLH = 0x74
                0x0000000000000075                __I2CSCLL = 0x75
                0x0000000000000076                __I2CDRB = 0x76
                0x0000000000000076                __I2CDRW = 0x76
                0x0000000000000118                __I2COA = 0x118
                0x000000000000011a                __I2CSA = 0x11a
                0x000000000000011c                __I2CIV = 0x11c
                0x000000000000012e                __TAIV = 0x12e
                0x0000000000000160                __TACTL = 0x160
                0x0000000000000162                __TACCTL0 = 0x162
                0x0000000000000164                __TACCTL1 = 0x164
                0x0000000000000166                __TACCTL2 = 0x166
                0x0000000000000170                __TAR = 0x170
                0x0000000000000172                __TACCR0 = 0x172
                0x0000000000000174                __TACCR1 = 0x174
                0x0000000000000176                __TACCR2 = 0x176
                0x000000000000011e                __TBIV = 0x11e
                0x0000000000000180                __TBCTL = 0x180
                0x0000000000000182                __TBCCTL0 = 0x182
                0x0000000000000184                __TBCCTL1 = 0x184
                0x0000000000000186                __TBCCTL2 = 0x186
                0x0000000000000188                __TBCCTL3 = 0x188
                0x000000000000018a                __TBCCTL4 = 0x18a
                0x000000000000018c                __TBCCTL5 = 0x18c
                0x000000000000018e                __TBCCTL6 = 0x18e
                0x0000000000000190                __TBR = 0x190
                0x0000000000000192                __TBCCR0 = 0x192
                0x0000000000000194                __TBCCR1 = 0x194
                0x0000000000000196                __TBCCR2 = 0x196
                0x0000000000000198                __TBCCR3 = 0x198
                0x000000000000019a                __TBCCR4 = 0x19a
                0x000000000000019c                __TBCCR5 = 0x19c
                0x000000000000019e                __TBCCR6 = 0x19e
                0x0000000000000056                __DCOCTL = 0x56
                0x0000000000000057                __BCSCTL1 = 0x57
                0x0000000000000058                __BCSCTL2 = 0x58
                0x0000000000000055                __SVSCTL = 0x55
                0x0000000000000128                __FCTL1 = 0x128
                0x000000000000012a                __FCTL2 = 0x12a
                0x000000000000012c                __FCTL3 = 0x12c
                0x0000000000000059                __CACTL1 = 0x59
                0x000000000000005a                __CACTL2 = 0x5a
                0x000000000000005b                __CAPD = 0x5b
                0x00000000000001a0                __ADC12CTL0 = 0x1a0
                0x00000000000001a2                __ADC12CTL1 = 0x1a2
                0x00000000000001a4                __ADC12IFG = 0x1a4
                0x00000000000001a6                __ADC12IE = 0x1a6
                0x00000000000001a8                __ADC12IV = 0x1a8
                0x0000000000000140                __ADC12MEM0 = 0x140
                0x0000000000000142                __ADC12MEM1 = 0x142
                0x0000000000000144                __ADC12MEM2 = 0x144
                0x0000000000000146                __ADC12MEM3 = 0x146
                0x0000000000000148                __ADC12MEM4 = 0x148
                0x000000000000014a                __ADC12MEM5 = 0x14a
                0x000000000000014c                __ADC12MEM6 = 0x14c
                0x000000000000014e                __ADC12MEM7 = 0x14e
                0x0000000000000150                __ADC12MEM8 = 0x150
                0x0000000000000152                __ADC12MEM9 = 0x152
                0x0000000000000154                __ADC12MEM10 = 0x154
                0x0000000000000156                __ADC12MEM11 = 0x156
                0x0000000000000158                __ADC12MEM12 = 0x158
                0x000000000000015a                __ADC12MEM13 = 0x15a
                0x000000000000015c                __ADC12MEM14 = 0x15c
                0x000000000000015e                __ADC12MEM15 = 0x15e
                0x0000000000000080                __ADC12MCTL0 = 0x80
                0x0000000000000081                __ADC12MCTL1 = 0x81
                0x0000000000000082                __ADC12MCTL2 = 0x82
                0x0000000000000083                __ADC12MCTL3 = 0x83
                0x0000000000000084                __ADC12MCTL4 = 0x84
                0x0000000000000085                __ADC12MCTL5 = 0x85
                0x0000000000000086                __ADC12MCTL6 = 0x86
                0x0000000000000087                __ADC12MCTL7 = 0x87
                0x0000000000000088                __ADC12MCTL8 = 0x88
                0x0000000000000089                __ADC12MCTL9 = 0x89
                0x000000000000008a                __ADC12MCTL10 = 0x8a
                0x000000000000008b                __ADC12MCTL11 = 0x8b
                0x000000000000008c                __ADC12MCTL12 = 0x8c
                0x000000000000008d                __ADC12MCTL13 = 0x8d
                0x000000000000008e                __ADC12MCTL14 = 0x8e
                0x000000000000008f                __ADC12MCTL15 = 0x8f
                0x00000000000001c0                __DAC12_0CTL = 0x1c0
                0x00000000000001c2                __DAC12_1CTL = 0x1c2
                0x00000000000001c8                __DAC12_0DAT = 0x1c8
                0x00000000000001ca                __DAC12_1DAT = 0x1ca
                0x0000000000000122                __DMACTL0 = 0x122
                0x0000000000000124                __DMACTL1 = 0x124
                0x00000000000001e0                __DMA0CTL = 0x1e0
                0x00000000000001e8                __DMA1CTL = 0x1e8
                0x00000000000001f0                __DMA2CTL = 0x1f0
                0x00000000000001e2                __DMA0SA = 0x1e2
                0x00000000000001e4                __DMA0DA = 0x1e4
                0x00000000000001e6                __DMA0SZ = 0x1e6
                0x00000000000001ea                __DMA1SA = 0x1ea
                0x00000000000001ec                __DMA1DA = 0x1ec
                0x00000000000001ee                __DMA1SZ = 0x1ee
                0x00000000000001f2                __DMA2SA = 0x1f2
                0x00000000000001f4                __DMA2DA = 0x1f4
                0x00000000000001f6                __DMA2SZ = 0x1f6

.hash
 *(.hash)

.dynsym
 *(.dynsym)

.dynstr
 *(.dynstr)

.gnu.version
 *(.gnu.version)

.gnu.version_d
 *(.gnu.version_d)

.gnu.version_r
 *(.gnu.version_r)

.rel.init
 *(.rel.init)

.rela.init
 *(.rela.init)

.rel.fini
 *(.rel.fini)

.rela.fini
 *(.rela.fini)

.rel.text
 *(.rel.text .rel.text.* .rel.gnu.linkonce.t.*)

.rela.text
 *(.rela.text .rela.text.* .rela.gnu.linkonce.t.*)

.rel.rodata
 *(.rel.rodata .rel.rodata.* .rel.gnu.linkonce.r.*)

.rela.rodata
 *(.rela.rodata .rela.rodata.* .rela.gnu.linkonce.r.*)

.rel.data
 *(.rel.data .rel.data.* .rel.gnu.linkonce.d.*)

.rela.data
 *(.rela.data .rela.data.* .rela.gnu.linkonce.d.*)

.rel.bss
 *(.rel.bss .rel.bss.* .rel.gnu.linkonce.b.*)

.rela.bss
 *(.rela.bss .rela.bss.* .rela.gnu.linkonce.b.*)

.rel.ctors
 *(.rel.ctors)

.rela.ctors
 *(.rela.ctors)

.rel.dtors
 *(.rel.dtors)

.rela.dtors
 *(.rela.dtors)

.rel.got
 *(.rel.got)

.rela.got
 *(.rela.got)

.rel.plt
 *(.rel.plt)

.rela.plt
 *(.rela.plt)

.text           0x0000000000004000     0x607a
                0x0000000000004000                . = ALIGN (0x2)
 *(.init .init.*)
 *(.init0)
 .init0         0x0000000000004000        0x0 /usr/lib/gcc/msp430/4.6.3/mmpy-16/libcrt0.a(_reset_vector__.o)
                0x0000000000004000                _reset_vector__
 *(.init1)
 .init1         0x0000000000004000        0xc /usr/lib/gcc/msp430/4.6.3/mmpy-16/libcrt0.a(__watchdog_support.o)
                0x0000000000004000                __watchdog_support
 *(.init2)
 .init2         0x000000000000400c        0x4 /usr/lib/gcc/msp430/4.6.3/mmpy-16/libcrt0.a(__init_stack.o)
                0x000000000000400c                __init_stack
 *(.init3)
 .init3         0x0000000000004010        0x0 /usr/lib/gcc/msp430/4.6.3/mmpy-16/libcrt0.a(__low_level_init.o)
                0x0000000000004010                __low_level_init
 *(.init4)
 .init4         0x0000000000004010       0x18 /usr/lib/gcc/msp430/4.6.3/mmpy-16/libcrt0.a(_copy_data.o)
                0x0000000000004010                __do_copy_data
 .init4         0x0000000000004028       0x16 /usr/lib/gcc/msp430/4.6.3/mmpy-16/libcrt0.a(_clear_bss.o)
                0x0000000000004028                __do_clear_bss
 *(.init5)
 *(.init6)
 *(.init7)
 *(.init8)
 *(.init9)
 .init9         0x000000000000403e      0x2d0 obj_sky/contiki-sky-main.o
                0x000000000000403e                main
 *(.fini9)
 .fini9         0x000000000000430e        0x0 /usr/lib/gcc/msp430/4.6.3/mmpy-16/libcrt0.a(__stop_progExec__.o)
                0x000000000000430e                __stop_progExec__
 *(.fini8)
 *(.fini7)
 *(.fini6)
 *(.fini5)
 *(.fini4)
 *(.fini3)
 *(.fini2)
 *(.fini1)
 *(.fini0)
 .fini0         0x000000000000430e        0x6 /usr/lib/gcc/msp430/4.6.3/mmpy-16/libcrt0.a(_endless_loop__.o)
                0x000000000000430e                _endless_loop__
 *(.fini .fini.*)
                0x0000000000004314                . = ALIGN (0x2)
                0x0000000000004314                __ctors_start = .
 *(.ctors)
                0x0000000000004314                __ctors_end = .
                0x0000000000004314                __dtors_start = .
 *(.dtors)
                0x0000000000004314                __dtors_end = .
                0x0000000000004314                . = ALIGN (0x2)
 *(.text .text.* .gnu.linkonce.t.*)
 .text          0x0000000000004314        0x4 /usr/lib/gcc/msp430/4.6.3/mmpy-16/crt0ivtbl16.o
                0x0000000000004314                __isr_14
                0x0000000000004314                __isr_11
                0x0000000000004314                __isr_2
                0x0000000000004314                __isr_7
                0x0000000000004314                __isr_0
                0x0000000000004314                __isr_8
                0x0000000000004314                __isr_3
                0x0000000000004314                __isr_12
                0x0000000000004314                __isr_13
                0x0000000000004314                __isr_9
 .text.process_thread_example_broadcast_process
                0x0000000000004318       0x76 PANC.co
 .text.createNode
                0x000000000000438e       0x1c PANC.co
                0x000000000000438e                createNode
 .text.search   0x00000000000043aa       0x36 PANC.co
                0x00000000000043aa                search
 .text.height_of_binary_tree
                0x00000000000043e0       0x2e PANC.co
                0x00000000000043e0                height_of_binary_tree
 .text.currentlevel
                0x000000000000440e       0x3a PANC.co
                0x000000000000440e                currentlevel
 .text.insertAtBeginning
                0x0000000000004448       0x38 PANC.co
                0x0000000000004448                insertAtBeginning
 .text.deleteNode
                0x0000000000004480       0x32 PANC.co
                0x0000000000004480                deleteNode
 .text.insertAtEnd
                0x00000000000044b2       0x54 PANC.co
                0x00000000000044b2                insertAtEnd
 .text.hammingDistance
                0x0000000000004506       0x50 PANC.co
                0x0000000000004506                hammingDistance
 .text.combination
                0x0000000000004556       0xee PANC.co
                0x0000000000004556                combination
 .text.trim     0x0000000000004644       0x42 PANC.co
                0x0000000000004644                trim
 .text.tree_generation
                0x0000000000004686      0x446 PANC.co
                0x0000000000004686                tree_generation
 .text.insertStatistical
                0x0000000000004acc       0x3a PANC.co
                0x0000000000004acc                insertStatistical
 .text.search_for_tag
                0x0000000000004b06       0x38 PANC.co
                0x0000000000004b06                search_for_tag
 .text.printStatisticalMean
                0x0000000000004b3e       0x2e PANC.co
                0x0000000000004b3e                printStatisticalMean
 .text.broadcast_recv
                0x0000000000004b6c      0x31a PANC.co
 .text.start_network_layer
                0x0000000000004e86       0x3c obj_sky/contiki-sky-main.o
 .text.init_platform
                0x0000000000004ec2        0xc contiki-sky.a(contiki-sky-pla)
                0x0000000000004ec2                init_platform
 .text.status   0x0000000000004ece       0x16 contiki-sky.a(button-sensor.o)
 .text.configure
                0x0000000000004ee4       0x52 contiki-sky.a(button-sensor.o)
 .text.value    0x0000000000004f36       0x22 contiki-sky.a(button-sensor.o)
 .text.irq_p2   0x0000000000004f58       0x8a contiki-sky.a(button-sensor.o)
                0x0000000000004f58                irq_p2
                0x0000000000004f58                __isr_1
 .text.owreadb  0x0000000000004fe2       0x52 contiki-sky.a(ds2411.o)
 .text.ds2411_init
                0x0000000000005034      0x122 contiki-sky.a(ds2411.o)
                0x0000000000005034                ds2411_init
 .text.wait_ready
                0x0000000000005156       0x50 contiki-sky.a(xmem.o)
 .text.xmem_init
                0x00000000000051a6       0x3e contiki-sky.a(xmem.o)
                0x00000000000051a6                xmem_init
 .text.xmem_pread
                0x00000000000051e4       0xea contiki-sky.a(xmem.o)
                0x00000000000051e4                xmem_pread
 .text.node_id_restore
                0x00000000000052ce       0x38 contiki-sky.a(node-id.o)
                0x00000000000052ce                node_id_restore
 .text.process_thread_sensors_process
                0x0000000000005306       0xbe contiki-sky.a(sensors.o)
 .text.sensors_changed
                0x00000000000053c4       0x2a contiki-sky.a(sensors.o)
                0x00000000000053c4                sensors_changed
 .text.get_object
                0x00000000000053ee        0x4 contiki-sky.a(cc2420.o)
 .text.set_object
                0x00000000000053f2        0x4 contiki-sky.a(cc2420.o)
 .text.strobe   0x00000000000053f6       0x20 contiki-sky.a(cc2420.o)
 .text.getreg   0x0000000000005416       0x54 contiki-sky.a(cc2420.o)
 .text.setreg   0x000000000000546a       0x52 contiki-sky.a(cc2420.o)
 .text.write_ram
                0x00000000000054bc       0x80 contiki-sky.a(cc2420.o)
 .text.write_fifo_buf
                0x000000000000553c       0x40 contiki-sky.a(cc2420.o)
 .text.get_status
                0x000000000000557c       0x24 contiki-sky.a(cc2420.o)
 .text.set_txpower
                0x00000000000055a0       0x26 contiki-sky.a(cc2420.o)
 .text.cc2420_receiving_packet
                0x00000000000055c6        0xe contiki-sky.a(cc2420.o)
 .text.pending_packet
                0x00000000000055d4        0x8 contiki-sky.a(cc2420.o)
 .text.on       0x00000000000055dc       0x1e contiki-sky.a(cc2420.o)
 .text.wait_for_transmission
                0x00000000000055fa       0x22 contiki-sky.a(cc2420.o)
 .text.wait_for_status
                0x000000000000561c       0x2a contiki-sky.a(cc2420.o)
 .text.getrxdata
                0x0000000000005646       0x56 contiki-sky.a(cc2420.o)
 .text.flushrx  0x000000000000569c       0x1a contiki-sky.a(cc2420.o)
 .text.off      0x00000000000056b6       0x5a contiki-sky.a(cc2420.o)
 .text.RELEASE_LOCK
                0x0000000000005710       0x28 contiki-sky.a(cc2420.o)
 .text.set_key  0x0000000000005738       0x18 contiki-sky.a(cc2420.o)
 .text.cc2420_prepare
                0x0000000000005750       0x3c contiki-sky.a(cc2420.o)
 .text.cc2420_on
                0x000000000000578c       0x22 contiki-sky.a(cc2420.o)
                0x000000000000578c                cc2420_on
 .text.cc2420_off
                0x00000000000057ae       0x30 contiki-sky.a(cc2420.o)
                0x00000000000057ae                cc2420_off
 .text.cc2420_cca
                0x00000000000057de       0x5e contiki-sky.a(cc2420.o)
 .text.cc2420_read
                0x000000000000583c       0xb0 contiki-sky.a(cc2420.o)
 .text.process_thread_cc2420_process
                0x00000000000058ec       0x50 contiki-sky.a(cc2420.o)
 .text.encrypt  0x000000000000593c       0x8e contiki-sky.a(cc2420.o)
 .text.cc2420_set_channel
                0x00000000000059ca       0x3c contiki-sky.a(cc2420.o)
                0x00000000000059ca                cc2420_set_channel
 .text.cc2420_set_pan_addr
                0x0000000000005a06       0x4c contiki-sky.a(cc2420.o)
                0x0000000000005a06                cc2420_set_pan_addr
 .text.cc2420_interrupt
                0x0000000000005a52       0x18 contiki-sky.a(cc2420.o)
                0x0000000000005a52                cc2420_interrupt
 .text.cc2420_set_txpower
                0x0000000000005a6a        0xe contiki-sky.a(cc2420.o)
                0x0000000000005a6a                cc2420_set_txpower
 .text.cc2420_get_txpower
                0x0000000000005a78       0x1e contiki-sky.a(cc2420.o)
                0x0000000000005a78                cc2420_get_txpower
 .text.cc2420_transmit
                0x0000000000005a96      0x12a contiki-sky.a(cc2420.o)
 .text.cc2420_send
                0x0000000000005bc0       0x12 contiki-sky.a(cc2420.o)
 .text.cc2420_rssi
                0x0000000000005bd2       0x4c contiki-sky.a(cc2420.o)
                0x0000000000005bd2                cc2420_rssi
 .text.get_value
                0x0000000000005c1e       0xac contiki-sky.a(cc2420.o)
 .text.cc2420_set_cca_threshold
                0x0000000000005cca       0x16 contiki-sky.a(cc2420.o)
                0x0000000000005cca                cc2420_set_cca_threshold
 .text.set_value
                0x0000000000005ce0       0x8a contiki-sky.a(cc2420.o)
 .text.cc2420_init
                0x0000000000005d6a       0xde contiki-sky.a(cc2420.o)
                0x0000000000005d6a                cc2420_init
 .text.cc2420_port1_interrupt
                0x0000000000005e48       0x62 contiki-sky.a(cc2420-arch.o)
                0x0000000000005e48                __isr_4
                0x0000000000005e48                cc2420_port1_interrupt
 .text.cc2420_arch_init
                0x0000000000005eaa       0x1a contiki-sky.a(cc2420-arch.o)
                0x0000000000005eaa                cc2420_arch_init
 .text.handle_rxdma_timer
                0x0000000000005ec4       0x3a contiki-sky.a(uart1.o)
 .text.uart1_active
                0x0000000000005efe       0x1a contiki-sky.a(uart1.o)
                0x0000000000005efe                uart1_active
 .text.uart1_set_input
                0x0000000000005f18       0x20 contiki-sky.a(uart1.o)
                0x0000000000005f18                uart1_set_input
 .text.uart1_writeb
                0x0000000000005f38       0x1a contiki-sky.a(uart1.o)
                0x0000000000005f38                uart1_writeb
 .text.uart1_init
                0x0000000000005f52       0xf6 contiki-sky.a(uart1.o)
                0x0000000000005f52                uart1_init
 .text.putchar  0x0000000000006048       0x10 contiki-sky.a(uart1-putchar.o)
                0x0000000000006048                putchar
 .text.msp430_init_dco
                0x0000000000006058       0x84 contiki-sky.a(msp430.o)
                0x0000000000006058                msp430_init_dco
 .text.msp430_add_lpm_req
                0x00000000000060dc        0xc contiki-sky.a(msp430.o)
                0x00000000000060dc                msp430_add_lpm_req
 .text.msp430_cpu_init
                0x00000000000060e8       0x2a contiki-sky.a(msp430.o)
                0x00000000000060e8                msp430_cpu_init
 .text.splhigh_
                0x0000000000006112        0x8 contiki-sky.a(msp430.o)
                0x0000000000006112                splhigh_
 .text.msp430_sync_dco
                0x000000000000611a       0x68 contiki-sky.a(msp430.o)
                0x000000000000611a                msp430_sync_dco
 .text.timera1  0x0000000000006182      0x11e contiki-sky.a(clock.o)
                0x0000000000006182                __isr_5
                0x0000000000006182                timera1
 .text.clock_time
                0x00000000000062a0       0x1a contiki-sky.a(clock.o)
                0x00000000000062a0                clock_time
 .text.clock_init
                0x00000000000062ba       0x28 contiki-sky.a(clock.o)
                0x00000000000062ba                clock_init
 .text.clock_delay
                0x00000000000062e2        0xc contiki-sky.a(clock.o)
                0x00000000000062e2                clock_delay
 .text.show_leds
                0x00000000000062ee       0xf6 contiki-sky.a(leds.o)
 .text.leds_init
                0x00000000000063e4        0xa contiki-sky.a(leds.o)
                0x00000000000063e4                leds_init
 .text.leds_on  0x00000000000063ee        0xa contiki-sky.a(leds.o)
                0x00000000000063ee                leds_on
 .text.leds_off
                0x00000000000063f8        0xe contiki-sky.a(leds.o)
                0x00000000000063f8                leds_off
 .text.leds_arch_init
                0x0000000000006406        0xe contiki-sky.a(leds-arch.o)
                0x0000000000006406                leds_arch_init
 .text.leds_arch_set
                0x0000000000006414       0x3a contiki-sky.a(leds-arch.o)
                0x0000000000006414                leds_arch_set
 .text.watchdog_interrupt
                0x000000000000644e        0x6 contiki-sky.a(watchdog.o)
                0x000000000000644e                __isr_10
                0x000000000000644e                watchdog_interrupt
 .text.watchdog_start
                0x0000000000006454       0x14 contiki-sky.a(watchdog.o)
                0x0000000000006454                watchdog_start
 .text.watchdog_periodic
                0x0000000000006468       0x12 contiki-sky.a(watchdog.o)
                0x0000000000006468                watchdog_periodic
 .text.watchdog_stop
                0x000000000000647a       0x16 contiki-sky.a(watchdog.o)
                0x000000000000647a                watchdog_stop
 .text.watchdog_init
                0x0000000000006490       0x14 contiki-sky.a(watchdog.o)
                0x0000000000006490                watchdog_init
 .text.rtimer_arch_init
                0x00000000000064a4        0xe contiki-sky.a(rtimer-arch.o)
                0x00000000000064a4                rtimer_arch_init
 .text.rtimer_arch_now
                0x00000000000064b2        0xe contiki-sky.a(rtimer-arch.o)
                0x00000000000064b2                rtimer_arch_now
 .text.timera0  0x00000000000064c0       0x70 contiki-sky.a(rtimer-arch.o)
                0x00000000000064c0                __isr_6
                0x00000000000064c0                timera0
 .text.rtimer_arch_schedule
                0x0000000000006530        0x6 contiki-sky.a(rtimer-arch.o)
                0x0000000000006530                rtimer_arch_schedule
 .text.autostart_start
                0x0000000000006536       0x16 contiki-sky.a(autostart.o)
                0x0000000000006536                autostart_start
 .text.energest_init
                0x000000000000654c       0x28 contiki-sky.a(energest.o)
                0x000000000000654c                energest_init
 .text.energest_type_time
                0x0000000000006574       0x46 contiki-sky.a(energest.o)
                0x0000000000006574                energest_type_time
 .text.energest_type_set
                0x00000000000065ba        0xe contiki-sky.a(energest.o)
                0x00000000000065ba                energest_type_set
 .text.energest_flush
                0x00000000000065c8       0x48 contiki-sky.a(energest.o)
                0x00000000000065c8                energest_flush
 .text.process_thread_ctimer_process
                0x0000000000006610       0xa4 contiki-sky.a(ctimer.o)
 .text.ctimer_init
                0x00000000000066b4       0x18 contiki-sky.a(ctimer.o)
                0x00000000000066b4                ctimer_init
 .text.ctimer_set
                0x00000000000066cc       0x50 contiki-sky.a(ctimer.o)
                0x00000000000066cc                ctimer_set
 .text.ctimer_reset
                0x000000000000671c       0x30 contiki-sky.a(ctimer.o)
                0x000000000000671c                ctimer_reset
 .text.ctimer_stop
                0x000000000000674c       0x28 contiki-sky.a(ctimer.o)
                0x000000000000674c                ctimer_stop
 .text.update_time
                0x0000000000006774       0x78 contiki-sky.a(etimer.o)
 .text.etimer_request_poll
                0x00000000000067ec        0xa contiki-sky.a(etimer.o)
                0x00000000000067ec                etimer_request_poll
 .text.process_thread_etimer_process
                0x00000000000067f6       0xc8 contiki-sky.a(etimer.o)
 .text.add_timer
                0x00000000000068be       0x40 contiki-sky.a(etimer.o)
 .text.etimer_set
                0x00000000000068fe       0x12 contiki-sky.a(etimer.o)
                0x00000000000068fe                etimer_set
 .text.etimer_reset
                0x0000000000006910       0x12 contiki-sky.a(etimer.o)
                0x0000000000006910                etimer_reset
 .text.etimer_expired
                0x0000000000006922        0xe contiki-sky.a(etimer.o)
                0x0000000000006922                etimer_expired
 .text.etimer_pending
                0x0000000000006930        0xc contiki-sky.a(etimer.o)
                0x0000000000006930                etimer_pending
 .text.etimer_next_expiration_time
                0x000000000000693c       0x16 contiki-sky.a(etimer.o)
                0x000000000000693c                etimer_next_expiration_time
 .text.etimer_stop
                0x0000000000006952       0x3c contiki-sky.a(etimer.o)
                0x0000000000006952                etimer_stop
 .text.call_process
                0x000000000000698e       0x4a contiki-sky.a(process.o)
 .text.exit_process
                0x00000000000069d8       0x96 contiki-sky.a(process.o)
 .text.do_poll  0x0000000000006a6e       0x30 contiki-sky.a(process.o)
 .text.process_alloc_event
                0x0000000000006a9e        0xe contiki-sky.a(process.o)
                0x0000000000006a9e                process_alloc_event
 .text.process_init
                0x0000000000006aac       0x1c contiki-sky.a(process.o)
                0x0000000000006aac                process_init
 .text.process_run
                0x0000000000006ac8       0xa2 contiki-sky.a(process.o)
                0x0000000000006ac8                process_run
 .text.process_nevents
                0x0000000000006b6a        0xe contiki-sky.a(process.o)
                0x0000000000006b6a                process_nevents
 .text.process_post
                0x0000000000006b78       0x54 contiki-sky.a(process.o)
                0x0000000000006b78                process_post
 .text.process_post_synch
                0x0000000000006bcc       0x12 contiki-sky.a(process.o)
                0x0000000000006bcc                process_post_synch
 .text.process_start
                0x0000000000006bde       0x32 contiki-sky.a(process.o)
                0x0000000000006bde                process_start
 .text.process_poll
                0x0000000000006c10       0x18 contiki-sky.a(process.o)
                0x0000000000006c10                process_poll
 .text.rtimer_init
                0x0000000000006c28        0x6 contiki-sky.a(rtimer.o)
                0x0000000000006c28                rtimer_init
 .text.rtimer_set
                0x0000000000006c2e       0x24 contiki-sky.a(rtimer.o)
                0x0000000000006c2e                rtimer_set
 .text.rtimer_run_next
                0x0000000000006c52       0x26 contiki-sky.a(rtimer.o)
                0x0000000000006c52                rtimer_run_next
 .text.timer_set
                0x0000000000006c78       0x1c contiki-sky.a(timer.o)
                0x0000000000006c78                timer_set
 .text.timer_reset
                0x0000000000006c94        0xe contiki-sky.a(timer.o)
                0x0000000000006c94                timer_reset
 .text.timer_expired
                0x0000000000006ca2       0x2a contiki-sky.a(timer.o)
                0x0000000000006ca2                timer_expired
 .text.process_thread_serial_line_process
                0x0000000000006ccc       0x9c contiki-sky.a(serial-line.o)
 .text.serial_line_input_byte
                0x0000000000006d68       0x4a contiki-sky.a(serial-line.o)
                0x0000000000006d68                serial_line_input_byte
 .text.serial_line_init
                0x0000000000006db2       0x1c contiki-sky.a(serial-line.o)
                0x0000000000006db2                serial_line_init
 .text.list_init
                0x0000000000006dce        0x6 contiki-sky.a(list.o)
                0x0000000000006dce                list_init
 .text.list_head
                0x0000000000006dd4        0x4 contiki-sky.a(list.o)
                0x0000000000006dd4                list_head
 .text.list_tail
                0x0000000000006dd8       0x12 contiki-sky.a(list.o)
                0x0000000000006dd8                list_tail
 .text.list_remove
                0x0000000000006dea       0x34 contiki-sky.a(list.o)
                0x0000000000006dea                list_remove
 .text.list_push
                0x0000000000006e1e       0x1a contiki-sky.a(list.o)
                0x0000000000006e1e                list_push
 .text.list_add
                0x0000000000006e38       0x2a contiki-sky.a(list.o)
                0x0000000000006e38                list_add
 .text.list_length
                0x0000000000006e62       0x10 contiki-sky.a(list.o)
                0x0000000000006e62                list_length
 .text.list_item_next
                0x0000000000006e72        0xc contiki-sky.a(list.o)
                0x0000000000006e72                list_item_next
 .text.random_init
                0x0000000000006e7e        0x6 contiki-sky.a(random.o)
                0x0000000000006e7e                random_init
 .text.random_rand
                0x0000000000006e84        0x6 contiki-sky.a(random.o)
                0x0000000000006e84                random_rand
 .text.ringbuf_init
                0x0000000000006e8a       0x14 contiki-sky.a(ringbuf.o)
                0x0000000000006e8a                ringbuf_init
 .text.ringbuf_put
                0x0000000000006e9e       0x38 contiki-sky.a(ringbuf.o)
                0x0000000000006e9e                ringbuf_put
 .text.ringbuf_get
                0x0000000000006ed6       0x32 contiki-sky.a(ringbuf.o)
                0x0000000000006ed6                ringbuf_get
 .text.input    0x0000000000006f08       0x3a contiki-sky.a(rime.o)
 .text.init     0x0000000000006f42       0x2e contiki-sky.a(rime.o)
 .text.packet_sent
                0x0000000000006f70       0x44 contiki-sky.a(rime.o)
 .text.rime_output
                0x0000000000006fb4       0x24 contiki-sky.a(rime.o)
                0x0000000000006fb4                rime_output
 .text.adv_packet_sent
                0x0000000000006fd8        0x2 contiki-sky.a(broadcast-annou)
 .text.adv_packet_received
                0x0000000000006fda       0x66 contiki-sky.a(broadcast-annou)
 .text.set_timers
                0x0000000000007040       0x4a contiki-sky.a(broadcast-annou)
 .text.send_timer
                0x000000000000708a       0x36 contiki-sky.a(broadcast-annou)
 .text.new_announcement
                0x00000000000070c0       0x18 contiki-sky.a(broadcast-annou)
 .text.send_adv
                0x00000000000070d8       0x66 contiki-sky.a(broadcast-annou)
 .text.broadcast_announcement_init
                0x000000000000713e       0x48 contiki-sky.a(broadcast-annou)
                0x000000000000713e                broadcast_announcement_init
 .text.sent_by_abc
                0x0000000000007186       0x10 contiki-sky.a(broadcast.o)
 .text.recv_from_abc
                0x0000000000007196       0x26 contiki-sky.a(broadcast.o)
 .text.broadcast_open
                0x00000000000071bc       0x2a contiki-sky.a(broadcast.o)
                0x00000000000071bc                broadcast_open
 .text.broadcast_close
                0x00000000000071e6        0x6 contiki-sky.a(broadcast.o)
                0x00000000000071e6                broadcast_close
 .text.broadcast_send
                0x00000000000071ec       0x1a contiki-sky.a(broadcast.o)
                0x00000000000071ec                broadcast_send
 .text.channel_init
                0x0000000000007206        0xa contiki-sky.a(channel.o)
                0x0000000000007206                channel_init
 .text.channel_open
                0x0000000000007210       0x10 contiki-sky.a(channel.o)
                0x0000000000007210                channel_open
 .text.channel_close
                0x0000000000007220        0xc contiki-sky.a(channel.o)
                0x0000000000007220                channel_close
 .text.channel_lookup
                0x000000000000722c       0x20 contiki-sky.a(channel.o)
                0x000000000000722c                channel_lookup
 .text.channel_set_attributes
                0x000000000000724c       0x24 contiki-sky.a(channel.o)
                0x000000000000724c                channel_set_attributes
 .text.chameleon_init
                0x0000000000007270        0x6 contiki-sky.a(chameleon.o)
                0x0000000000007270                chameleon_init
 .text.chameleon_parse
                0x0000000000007276       0x10 contiki-sky.a(chameleon.o)
                0x0000000000007276                chameleon_parse
 .text.chameleon_create
                0x0000000000007286       0x1c contiki-sky.a(chameleon.o)
                0x0000000000007286                chameleon_create
 .text.chameleon_hdrsize
                0x00000000000072a2        0x6 contiki-sky.a(chameleon.o)
                0x00000000000072a2                chameleon_hdrsize
 .text.abc_open
                0x00000000000072a8       0x26 contiki-sky.a(abc.o)
                0x00000000000072a8                abc_open
 .text.abc_close
                0x00000000000072ce        0x6 contiki-sky.a(abc.o)
                0x00000000000072ce                abc_close
 .text.abc_send
                0x00000000000072d4        0x6 contiki-sky.a(abc.o)
                0x00000000000072d4                abc_send
 .text.abc_input
                0x00000000000072da        0xe contiki-sky.a(abc.o)
                0x00000000000072da                abc_input
 .text.abc_sent
                0x00000000000072e8       0x10 contiki-sky.a(abc.o)
                0x00000000000072e8                abc_sent
 .text.announcement_init
                0x00000000000072f8        0xa contiki-sky.a(announcement.o)
                0x00000000000072f8                announcement_init
 .text.announcement_register_observer_callback
                0x0000000000007302        0x6 contiki-sky.a(announcement.o)
                0x0000000000007302                announcement_register_observer_callback
 .text.announcement_list
                0x0000000000007308        0xa contiki-sky.a(announcement.o)
                0x0000000000007308                announcement_list
 .text.announcement_heard
                0x0000000000007312       0x42 contiki-sky.a(announcement.o)
                0x0000000000007312                announcement_heard
 .text.input_packet
                0x0000000000007354        0x6 contiki-sky.a(csma.o)
 .text.on       0x000000000000735a        0x6 contiki-sky.a(csma.o)
 .text.off      0x0000000000007360        0x6 contiki-sky.a(csma.o)
 .text.channel_check_interval
                0x0000000000007366       0x10 contiki-sky.a(csma.o)
 .text.transmit_packet_list
                0x0000000000007376       0x24 contiki-sky.a(csma.o)
 .text.send_packet
                0x000000000000739a      0x184 contiki-sky.a(csma.o)
 .text.init     0x000000000000751e       0x1a contiki-sky.a(csma.o)
 .text.free_packet
                0x0000000000007538       0x98 contiki-sky.a(csma.o)
 .text.packet_sent
                0x00000000000075d0      0x12e contiki-sky.a(csma.o)
 .text.mac_call_sent_callback
                0x00000000000076fe       0x14 contiki-sky.a(mac.o)
                0x00000000000076fe                mac_call_sent_callback
 .text.queuebuf_init
                0x0000000000007712       0x12 contiki-sky.a(queuebuf.o)
                0x0000000000007712                queuebuf_init
 .text.queuebuf_new_from_packetbuf
                0x0000000000007724       0x52 contiki-sky.a(queuebuf.o)
                0x0000000000007724                queuebuf_new_from_packetbuf
 .text.queuebuf_update_attr_from_packetbuf
                0x0000000000007776       0x12 contiki-sky.a(queuebuf.o)
                0x0000000000007776                queuebuf_update_attr_from_packetbuf
 .text.queuebuf_update_from_packetbuf
                0x0000000000007788       0x22 contiki-sky.a(queuebuf.o)
                0x0000000000007788                queuebuf_update_from_packetbuf
 .text.queuebuf_free
                0x00000000000077aa       0x2a contiki-sky.a(queuebuf.o)
                0x00000000000077aa                queuebuf_free
 .text.queuebuf_to_packetbuf
                0x00000000000077d4       0x32 contiki-sky.a(queuebuf.o)
                0x00000000000077d4                queuebuf_to_packetbuf
 .text.queuebuf_attr
                0x0000000000007806        0xe contiki-sky.a(queuebuf.o)
                0x0000000000007806                queuebuf_attr
 .text.packetbuf_compact
                0x0000000000007814       0x2e contiki-sky.a(packetbuf.o)
                0x0000000000007814                packetbuf_compact
 .text.packetbuf_copyto
                0x0000000000007842       0x52 contiki-sky.a(packetbuf.o)
                0x0000000000007842                packetbuf_copyto
 .text.packetbuf_hdrreduce
                0x0000000000007894       0x1a contiki-sky.a(packetbuf.o)
                0x0000000000007894                packetbuf_hdrreduce
 .text.packetbuf_set_datalen
                0x00000000000078ae        0x6 contiki-sky.a(packetbuf.o)
                0x00000000000078ae                packetbuf_set_datalen
 .text.packetbuf_dataptr
                0x00000000000078b4        0xe contiki-sky.a(packetbuf.o)
                0x00000000000078b4                packetbuf_dataptr
 .text.packetbuf_hdrptr
                0x00000000000078c2        0xa contiki-sky.a(packetbuf.o)
                0x00000000000078c2                packetbuf_hdrptr
 .text.packetbuf_datalen
                0x00000000000078cc        0x6 contiki-sky.a(packetbuf.o)
                0x00000000000078cc                packetbuf_datalen
 .text.packetbuf_hdrlen
                0x00000000000078d2       0x10 contiki-sky.a(packetbuf.o)
                0x00000000000078d2                packetbuf_hdrlen
 .text.packetbuf_totlen
                0x00000000000078e2        0xc contiki-sky.a(packetbuf.o)
                0x00000000000078e2                packetbuf_totlen
 .text.packetbuf_hdralloc
                0x00000000000078ee       0x2e contiki-sky.a(packetbuf.o)
                0x00000000000078ee                packetbuf_hdralloc
 .text.packetbuf_attr_clear
                0x000000000000791c       0x2c contiki-sky.a(packetbuf.o)
                0x000000000000791c                packetbuf_attr_clear
 .text.packetbuf_clear
                0x0000000000007948       0x1a contiki-sky.a(packetbuf.o)
                0x0000000000007948                packetbuf_clear
 .text.packetbuf_copyfrom
                0x0000000000007962       0x2e contiki-sky.a(packetbuf.o)
                0x0000000000007962                packetbuf_copyfrom
 .text.packetbuf_attr_copyto
                0x0000000000007990       0x20 contiki-sky.a(packetbuf.o)
                0x0000000000007990                packetbuf_attr_copyto
 .text.packetbuf_attr_copyfrom
                0x00000000000079b0       0x22 contiki-sky.a(packetbuf.o)
                0x00000000000079b0                packetbuf_attr_copyfrom
 .text.packetbuf_holds_broadcast
                0x00000000000079d2        0xe contiki-sky.a(packetbuf.o)
                0x00000000000079d2                packetbuf_holds_broadcast
 .text.linkaddr_copy
                0x00000000000079e0        0xc contiki-sky.a(linkaddr.o)
                0x00000000000079e0                linkaddr_copy
 .text.linkaddr_cmp
                0x00000000000079ec       0x12 contiki-sky.a(linkaddr.o)
                0x00000000000079ec                linkaddr_cmp
 .text.linkaddr_set_node_addr
                0x00000000000079fe        0xc contiki-sky.a(linkaddr.o)
                0x00000000000079fe                linkaddr_set_node_addr
 .text.duty_cycle
                0x0000000000007a0a        0x6 contiki-sky.a(contikimac.o)
 .text.init     0x0000000000007a10       0x2a contiki-sky.a(contikimac.o)
 .text.on       0x0000000000007a3a       0x1a contiki-sky.a(contikimac.o)
 .text.off      0x0000000000007a54       0x22 contiki-sky.a(contikimac.o)
 .text.recv_burst_off
                0x0000000000007a76        0xa contiki-sky.a(contikimac.o)
 .text.turn_off
                0x0000000000007a80       0x20 contiki-sky.a(contikimac.o)
 .text.turn_on  0x0000000000007aa0       0x30 contiki-sky.a(contikimac.o)
 .text.schedule_powercycle_fixed.part.4
                0x0000000000007ad0       0x36 contiki-sky.a(contikimac.o)
 .text.powercycle_turn_radio_off
                0x0000000000007b06       0x30 contiki-sky.a(contikimac.o)
 .text.powercycle
                0x0000000000007b36      0x1d2 contiki-sky.a(contikimac.o)
 .text.input_packet
                0x0000000000007d08       0xb2 contiki-sky.a(contikimac.o)
 .text.send_packet.isra.7
                0x0000000000007dba      0x1ec contiki-sky.a(contikimac.o)
 .text.qsend_list
                0x0000000000007fa6       0xc4 contiki-sky.a(contikimac.o)
 .text.qsend_packet
                0x000000000000806a       0x28 contiki-sky.a(contikimac.o)
 .text.hdr_length
                0x0000000000008092        0x8 contiki-sky.a(contikimac-fram)
 .text.parse    0x000000000000809a       0x3e contiki-sky.a(contikimac-fram)
 .text.create   0x00000000000080d8       0x2a contiki-sky.a(contikimac-fram)
 .text.create_and_secure
                0x0000000000008102       0x6a contiki-sky.a(contikimac-fram)
 .text.bootstrap
                0x000000000000816c        0x4 contiki-sky.a(nullsec.o)
 .text.send     0x0000000000008170        0xa contiki-sky.a(nullsec.o)
 .text.on_frame_created
                0x000000000000817a        0x4 contiki-sky.a(nullsec.o)
 .text.input    0x000000000000817e        0x6 contiki-sky.a(nullsec.o)
 .text.get_overhead
                0x0000000000008184        0x4 contiki-sky.a(nullsec.o)
 .text.spi_init
                0x0000000000008188       0x32 contiki-sky.a(spi.o)
                0x0000000000008188                spi_init
 .text.compower_accumulate
                0x00000000000081ba       0x72 contiki-sky.a(compower.o)
                0x00000000000081ba                compower_accumulate
 .text.compower_clear
                0x000000000000822c       0x12 contiki-sky.a(compower.o)
                0x000000000000822c                compower_clear
 .text.compower_attrconv
                0x000000000000823e       0x10 contiki-sky.a(compower.o)
                0x000000000000823e                compower_attrconv
 .text.memb_init
                0x000000000000824e       0x36 contiki-sky.a(memb.o)
                0x000000000000824e                memb_init
 .text.memb_alloc
                0x0000000000008284       0x3e contiki-sky.a(memb.o)
                0x0000000000008284                memb_alloc
 .text.memb_free
                0x00000000000082c2       0x3a contiki-sky.a(memb.o)
                0x00000000000082c2                memb_free
 .text.memb_inmemb
                0x00000000000082fc       0x2e contiki-sky.a(memb.o)
                0x00000000000082fc                memb_inmemb
 .text.header_size
                0x000000000000832a       0x16 contiki-sky.a(chameleon-bitop)
 .text.get_bits_in_byte
                0x0000000000008340       0x3a contiki-sky.a(chameleon-bitop)
                0x0000000000008340                get_bits_in_byte
 .text.get_bits
                0x000000000000837a       0xa4 contiki-sky.a(chameleon-bitop)
                0x000000000000837a                get_bits
 .text.unpack_header
                0x000000000000841e       0xd6 contiki-sky.a(chameleon-bitop)
 .text.set_bits_in_byte
                0x00000000000084f4       0x2c contiki-sky.a(chameleon-bitop)
                0x00000000000084f4                set_bits_in_byte
 .text.set_bits
                0x0000000000008520       0xd2 contiki-sky.a(chameleon-bitop)
                0x0000000000008520                set_bits
 .text.pack_header
                0x00000000000085f2       0xbc contiki-sky.a(chameleon-bitop)
 .text.mac_sequence_is_duplicate
                0x00000000000086ae       0x3c contiki-sky.a(mac-sequence.o)
                0x00000000000086ae                mac_sequence_is_duplicate
 .text.mac_sequence_register_seqno
                0x00000000000086ea       0x64 contiki-sky.a(mac-sequence.o)
                0x00000000000086ea                mac_sequence_register_seqno
 .text.parse    0x000000000000874e       0x9e contiki-sky.a(framer-802154.o)
 .text.create_frame.isra.0
                0x00000000000087ec      0x104 contiki-sky.a(framer-802154.o)
 .text.create   0x00000000000088f0        0x8 contiki-sky.a(framer-802154.o)
 .text.hdr_length
                0x00000000000088f8        0x8 contiki-sky.a(framer-802154.o)
 .text.framer_canonical_create_and_secure
                0x0000000000008900       0x20 contiki-sky.a(framer.o)
                0x0000000000008900                framer_canonical_create_and_secure
 .text.field_len
                0x0000000000008920       0x98 contiki-sky.a(frame802154.o)
 .text.frame802154_hdrlen
                0x00000000000089b8       0x2e contiki-sky.a(frame802154.o)
                0x00000000000089b8                frame802154_hdrlen
 .text.frame802154_create
                0x00000000000089e6      0x146 contiki-sky.a(frame802154.o)
                0x00000000000089e6                frame802154_create
 .text.frame802154_parse
                0x0000000000008b2c      0x1da contiki-sky.a(frame802154.o)
                0x0000000000008b2c                frame802154_parse
 .text.libgcc   0x0000000000008d06       0x2c /usr/lib/gcc/msp430/4.6.3/mmpy-16/libgcc.a(_mulsi3.o)
                0x0000000000008d06                __mulsi3
 .text.libgcc   0x0000000000008d32       0x22 /usr/lib/gcc/msp430/4.6.3/mmpy-16/libgcc.a(_udivmod16.o)
                0x0000000000008d32                __udivhi3
                0x0000000000008d32                __ext_udivmod16
                0x0000000000008d4c                __umodhi3
 .text.libgcc   0x0000000000008d54       0x3a /usr/lib/gcc/msp430/4.6.3/mmpy-16/libgcc.a(_divmod16.o)
                0x0000000000008d54                __ext_divmod16
                0x0000000000008d54                __divhi3
                0x0000000000008d86                __modhi3
 .text.libgcc   0x0000000000008d8e       0x40 /usr/lib/gcc/msp430/4.6.3/mmpy-16/libgcc.a(_udivmod32.o)
                0x0000000000008d8e                __udivsi3
                0x0000000000008d8e                __ext_udivmod32
                0x0000000000008dc4                __umodsi3
 .text          0x0000000000008dce       0x50 /usr/lib/gcc/msp430/4.6.3/mmpy-16/libgcc.a(_lt_sf.o)
                0x0000000000008dce                __ltsf2
 .text          0x0000000000008e1e       0xa6 /usr/lib/gcc/msp430/4.6.3/mmpy-16/libgcc.a(_si_to_sf.o)
                0x0000000000008e1e                __floatsisf
 .text          0x0000000000008ec4       0x72 /usr/lib/gcc/msp430/4.6.3/mmpy-16/libgcc.a(_clzsi2.o)
                0x0000000000008ec4                __clzsi2
 .text          0x0000000000008f36      0x1de /usr/lib/gcc/msp430/4.6.3/mmpy-16/libgcc.a(_pack_sf.o)
                0x0000000000008f36                __pack_f
 .text          0x0000000000009114      0x124 /usr/lib/gcc/msp430/4.6.3/mmpy-16/libgcc.a(_unpack_sf.o)
                0x0000000000009114                __unpack_f
 .text          0x0000000000009238       0xa4 /usr/lib/gcc/msp430/4.6.3/mmpy-16/libgcc.a(_fpcmp_parts_sf.o)
                0x0000000000009238                __fpcmp_parts_f
 .text          0x00000000000092dc       0x1e /usr/lib/gcc/msp430/4.6.3/../../../../msp430/lib/mmpy-16/libc.a(strcmp.o)
                0x00000000000092dc                strcmp
 .text          0x00000000000092fa       0x28 /usr/lib/gcc/msp430/4.6.3/../../../../msp430/lib/mmpy-16/libc.a(strncmp.o)
                0x00000000000092fa                strncmp
 .text          0x0000000000009322       0x20 /usr/lib/gcc/msp430/4.6.3/../../../../msp430/lib/mmpy-16/libc.a(memcmp.o)
                0x0000000000009322                memcmp
 .text          0x0000000000009342       0xfa /usr/lib/gcc/msp430/4.6.3/../../../../msp430/lib/mmpy-16/libc.a(memcpy.o)
                0x0000000000009342                memcpy
 .text          0x000000000000943c       0x38 /usr/lib/gcc/msp430/4.6.3/../../../../msp430/lib/mmpy-16/libc.a(strdup.o)
                0x000000000000943c                strdup
 .text          0x0000000000009474       0x6a /usr/lib/gcc/msp430/4.6.3/../../../../msp430/lib/mmpy-16/libc.a(memset.o)
                0x0000000000009474                memset
 .text          0x00000000000094de       0x56 /usr/lib/gcc/msp430/4.6.3/../../../../msp430/lib/mmpy-16/libc.a(strstr.o)
                0x00000000000094de                strstr
 .text          0x0000000000009534       0x6c /usr/lib/gcc/msp430/4.6.3/../../../../msp430/lib/mmpy-16/libc.a(strtok.o)
                0x0000000000009534                strtok_r
                0x0000000000009596                strtok
 .text          0x00000000000095a0      0x114 /usr/lib/gcc/msp430/4.6.3/../../../../msp430/lib/mmpy-16/libc.a(malloc.o)
                0x00000000000095a0                malloc
                0x00000000000096ac                free
 .text          0x00000000000096b4       0x1e /usr/lib/gcc/msp430/4.6.3/../../../../msp430/lib/mmpy-16/libc.a(printf.o)
                0x00000000000096b4                printf
                0x00000000000096c4                vprintf
 .text          0x00000000000096d2      0x836 /usr/lib/gcc/msp430/4.6.3/../../../../msp430/lib/mmpy-16/libc.a(vuprintf.o)
                0x000000000000986a                vuprintf
 .text          0x0000000000009f08       0x2c /usr/lib/gcc/msp430/4.6.3/../../../../msp430/lib/mmpy-16/libc.a(puts.o)
                0x0000000000009f08                puts
 .text          0x0000000000009f34       0x54 /usr/lib/gcc/msp430/4.6.3/../../../../msp430/lib/mmpy-16/libc.a(rand.o)
                0x0000000000009f34                rand_r
                0x0000000000009f58                rand
                0x0000000000009f7e                srand
 .text.libgcc   0x0000000000009f88       0xf0 /usr/lib/gcc/msp430/4.6.3/mmpy-16/libgcc.a(_udivmod64.o)
                0x0000000000009f88                __xabi_udivmod64
                0x0000000000009fe6                __udivdi3
                0x000000000000a00c                __umoddi3
                0x000000000000a03a                __udivmoddi4
 .text.crt0     0x000000000000a078        0x2 /usr/lib/gcc/msp430/4.6.3/mmpy-16/libcrt0.a(_unexpected_.o)
                0x000000000000a078                _unexpected_
                0x000000000000a07a                . = ALIGN (0x2)

.rodata         0x000000000000a07a      0x55e
                0x000000000000a07a                . = ALIGN (0x2)
 *(.rodata .rodata.* .gnu.linkonce.r.*)
 .rodata        0x000000000000a07a      0x260 PANC.co
                0x000000000000a2c0                autostart_processes
 .rodata        0x000000000000a2da       0xd7 obj_sky/contiki-sky-main.o
 *fill*         0x000000000000a3b1        0x1 00
 .rodata        0x000000000000a3b2       0x10 contiki-sky.a(button-sensor.o)
                0x000000000000a3ba                button_sensor
 .rodata        0x000000000000a3c2        0x8 contiki-sky.a(sensors.o)
 .rodata        0x000000000000a3ca       0x5a contiki-sky.a(cc2420.o)
                0x000000000000a3e6                cc2420_aes_128_driver
                0x000000000000a3ea                cc2420_driver
 .rodata        0x000000000000a424        0xf contiki-sky.a(ctimer.o)
 .rodata        0x000000000000a433        0xc contiki-sky.a(etimer.o)
 .rodata        0x000000000000a43f        0xe contiki-sky.a(serial-line.o)
 *fill*         0x000000000000a44d        0x1 00
 .rodata        0x000000000000a44e        0xc contiki-sky.a(rime.o)
                0x000000000000a454                rime_driver
 .rodata        0x000000000000a45a        0x4 contiki-sky.a(broadcast-annou)
 .rodata        0x000000000000a45e        0x8 contiki-sky.a(broadcast.o)
 .rodata        0x000000000000a466        0x2 contiki-sky.a(abc.o)
 .rodata        0x000000000000a468       0x14 contiki-sky.a(csma.o)
                0x000000000000a46e                csma_driver
 .rodata        0x000000000000a47c        0x2 contiki-sky.a(linkaddr.o)
                0x000000000000a47c                linkaddr_null
 .rodata        0x000000000000a47e       0x1c contiki-sky.a(contikimac.o)
                0x000000000000a48a                contikimac_driver
 .rodata        0x000000000000a49a        0x8 contiki-sky.a(contikimac-fram)
                0x000000000000a49a                contikimac_framer
 .rodata        0x000000000000a4a2       0x14 contiki-sky.a(nullsec.o)
                0x000000000000a4aa                nullsec_driver
 .rodata        0x000000000000a4b6       0x10 contiki-sky.a(chameleon-bitop)
                0x000000000000a4b6                chameleon_bitopt
 .rodata        0x000000000000a4c6        0x8 contiki-sky.a(framer-802154.o)
                0x000000000000a4c6                framer_802154
 .rodata        0x000000000000a4ce        0x2 contiki-sky.a(frame802154.o)
 .rodata        0x000000000000a4d0      0x100 /usr/lib/gcc/msp430/4.6.3/mmpy-16/libgcc.a(_clz.o)
                0x000000000000a4d0                __clz_tab
 .rodata        0x000000000000a5d0        0x7 /usr/lib/gcc/msp430/4.6.3/../../../../msp430/lib/mmpy-16/libc.a(vuprintf.o)
                0x000000000000a5d8                . = ALIGN (0x2)
 *fill*         0x000000000000a5d7        0x1 00
                0x000000000000a5d8                _etext = .

.data           0x0000000000001100       0x78 load address 0x000000000000a5d8
                0x0000000000001100                . = ALIGN (0x2)
                0x0000000000001100                PROVIDE (__data_start, .)
 *(.data .data.* .gnu.linkonce.d.*)
 .data          0x0000000000001100       0x14 PANC.co
                0x000000000000110a                example_broadcast_process
 .data          0x0000000000001114        0x4 contiki-sky.a(contiki-sky-pla)
                0x0000000000001114                sensors
 .data          0x0000000000001118        0xa contiki-sky.a(sensors.o)
                0x0000000000001118                sensors_process
 .data          0x0000000000001122        0xa contiki-sky.a(cc2420.o)
                0x0000000000001122                cc2420_process
 .data          0x000000000000112c        0x2 contiki-sky.a(msp430.o)
 .data          0x000000000000112e        0xa contiki-sky.a(ctimer.o)
                0x000000000000112e                ctimer_process
 .data          0x0000000000001138        0xa contiki-sky.a(etimer.o)
                0x0000000000001138                etimer_process
 .data          0x0000000000001142        0xa contiki-sky.a(serial-line.o)
                0x0000000000001142                serial_line_process
 .data          0x000000000000114c       0x18 contiki-sky.a(csma.o)
 .data          0x0000000000001164       0x10 contiki-sky.a(queuebuf.o)
 .data          0x0000000000001174        0x4 /usr/lib/gcc/msp430/4.6.3/../../../../msp430/lib/mmpy-16/libc.a(rand.o)
                0x0000000000001178                . = ALIGN (0x2)
                0x0000000000001178                _edata = .
                0x000000000000a5d8                PROVIDE (__data_load_start, LOADADDR (.data))
                0x0000000000000078                PROVIDE (__data_size, SIZEOF (.data))

.bss            0x0000000000001178     0x11ce load address 0x000000000000a650
                0x0000000000001178                PROVIDE (__bss_start, .)
 *(.bss .bss.*)
 .bss           0x0000000000001178       0x1c PANC.co
                0x0000000000001178                one_iteration
                0x000000000000117a                tags_head
 .bss           0x0000000000001194        0xc obj_sky/contiki-sky-main.o
 .bss           0x00000000000011a0        0x8 contiki-sky.a(button-sensor.o)
 .bss           0x00000000000011a8        0x2 contiki-sky.a(node-id.o)
                0x00000000000011a8                node_id
 .bss           0x00000000000011aa        0x6 contiki-sky.a(sensors.o)
 .bss           0x00000000000011b0        0x8 contiki-sky.a(cc2420.o)
 .bss           0x00000000000011b8       0x9a contiki-sky.a(uart1.o)
 .bss           0x0000000000001252        0xa contiki-sky.a(clock.o)
 .bss           0x000000000000125c        0x1 contiki-sky.a(leds.o)
 *fill*         0x000000000000125d        0x1 00
 .bss           0x000000000000125e        0x2 contiki-sky.a(watchdog.o)
 .bss           0x0000000000001260        0x4 contiki-sky.a(ctimer.o)
 .bss           0x0000000000001264        0x6 contiki-sky.a(etimer.o)
 .bss           0x000000000000126a       0x42 contiki-sky.a(process.o)
                0x000000000000126a                process_current
                0x000000000000126c                process_list
 .bss           0x00000000000012ac        0x2 contiki-sky.a(rtimer.o)
 .bss           0x00000000000012ae      0x10a contiki-sky.a(serial-line.o)
 .bss           0x00000000000013b8        0x2 contiki-sky.a(rime.o)
 .bss           0x00000000000013ba       0x46 contiki-sky.a(broadcast-annou)
 .bss           0x0000000000001400        0x2 contiki-sky.a(channel.o)
 .bss           0x0000000000001402        0x6 contiki-sky.a(announcement.o)
 .bss           0x0000000000001408      0x128 contiki-sky.a(csma.o)
 .bss           0x0000000000001530      0xc20 contiki-sky.a(queuebuf.o)
 .bss           0x0000000000002150       0xb8 contiki-sky.a(packetbuf.o)
 .bss           0x0000000000002208       0x32 contiki-sky.a(contikimac.o)
 .bss           0x000000000000223a        0x8 contiki-sky.a(compower.o)
 .bss           0x0000000000002242       0x40 contiki-sky.a(mac-sequence.o)
 .bss           0x0000000000002282        0x2 contiki-sky.a(framer-802154.o)
 .bss           0x0000000000002284        0x2 /usr/lib/gcc/msp430/4.6.3/../../../../msp430/lib/mmpy-16/libc.a(strtok.o)
 .bss           0x0000000000002286        0x1 /usr/lib/gcc/msp430/4.6.3/../../../../msp430/lib/mmpy-16/libc.a(malloc.o)
 *(COMMON)
 *fill*         0x0000000000002287        0x1 00
 COMMON         0x0000000000002288        0x2 PANC.co
                0x0000000000002288                root
 COMMON         0x000000000000228a        0x2 contiki-sky.a(contiki-sky-pla)
                0x000000000000228a                sensors_flags
 COMMON         0x000000000000228c        0x8 contiki-sky.a(ds2411.o)
                0x000000000000228c                ds2411_id
 COMMON         0x0000000000002294        0x1 contiki-sky.a(sensors.o)
                0x0000000000002294                sensors_event
 *fill*         0x0000000000002295        0x1 00
 COMMON         0x0000000000002296       0x10 contiki-sky.a(cc2420.o)
                0x0000000000002296                cc2420_last_rssi
                0x0000000000002298                cc2420_sfd_start_time
                0x000000000000229a                cc2420_time_of_departure
                0x000000000000229c                cc2420_time_of_arrival
                0x000000000000229e                cc2420_last_correlation
                0x00000000000022a0                cc2420_authority_level_of_sender
                0x00000000000022a2                cc2420_sfd_counter
                0x00000000000022a4                cc2420_sfd_end_time
 COMMON         0x00000000000022a6        0x2 contiki-sky.a(msp430.o)
                0x00000000000022a6                msp430_dco_required
 COMMON         0x00000000000022a8       0x56 contiki-sky.a(energest.o)
                0x00000000000022a8                energest_total_time
                0x00000000000022d8                energest_total_count
                0x00000000000022da                energest_current_mode
                0x00000000000022e6                energest_current_time
 COMMON         0x00000000000022fe        0x1 contiki-sky.a(process.o)
                0x00000000000022fe                process_maxevents
 COMMON         0x00000000000022ff        0x1 contiki-sky.a(serial-line.o)
                0x00000000000022ff                serial_line_event_message
 COMMON         0x0000000000002300       0x3c contiki-sky.a(packetbuf.o)
                0x0000000000002300                packetbuf_addrs
                0x0000000000002308                packetbuf_attrs
 COMMON         0x000000000000233c        0x2 contiki-sky.a(linkaddr.o)
                0x000000000000233c                linkaddr_node_addr
 COMMON         0x000000000000233e        0x8 contiki-sky.a(compower.o)
                0x000000000000233e                compower_idle_activity
                0x0000000000002346                . = ALIGN (0x2)
                0x0000000000002346                PROVIDE (__bss_end, .)
                0x00000000000011ce                PROVIDE (__bss_size, SIZEOF (.bss))

.noinit         0x0000000000002346        0x2 load address 0x000000000000a650
                0x0000000000002346                PROVIDE (__noinit_start, .)
 *(.noinit .noinit.*)
 .noinit.crt0   0x0000000000002346        0x2 /usr/lib/gcc/msp430/4.6.3/mmpy-16/libcrt0.a(__watchdog_support.o)
                0x0000000000002346                __wdt_clear_value
                0x0000000000002348                . = ALIGN (0x2)
                0x0000000000002348                PROVIDE (__noinit_end, .)
                0x0000000000002348                . = ALIGN (0x2)
                0x0000000000002348                _end = .

.infomem        0x0000000000001000        0x0
 *(.infomem)
                0x0000000000001000                . = ALIGN (0x2)
 *(.infomem.*)

.infomemnobits  0x0000000000001000        0x0
 *(.infomemnobits)
                0x0000000000001000                . = ALIGN (0x2)
 *(.infomemnobits.*)

.infoa
 *(.infoa .infoa.*)

.infob
 *(.infob .infob.*)

.infoc
 *(.infoc .infoc.*)

.infod
 *(.infod .infod.*)

.vectors        0x000000000000ffe0       0x20
                0x000000000000ffe0                PROVIDE (__vectors_start, .)
 *(.vectors*)
 .vectors       0x000000000000ffe0       0x20 /usr/lib/gcc/msp430/4.6.3/mmpy-16/crt0ivtbl16.o
                0x000000000000ffe0                __ivtbl_16
                0x0000000000010000                _vectors_end = .

.fartext        0x0000000000000000        0x0
                0x0000000000000000                . = ALIGN (0x2)
 *(.fartext)
                0x0000000000000000                . = ALIGN (0x2)
 *(.fartext.*)
                0x0000000000000000                _efartext = .

.profiler
 *(.profiler)

.stab           0x0000000000000000    0x1ae8c
 *(.stab)
 .stab          0x0000000000000000     0x2c34 PANC.co
 .stab          0x0000000000002c34     0x1074 obj_sky/contiki-sky-main.o
                                       0x17ac (size before relaxing)
 .stab          0x0000000000003ca8      0x258 contiki-sky.a(contiki-sky-pla)
                                        0x5b8 (size before relaxing)
 .stab          0x0000000000003f00      0x468 contiki-sky.a(button-sensor.o)
                                        0x7d4 (size before relaxing)
 .stab          0x0000000000004368      0x624 contiki-sky.a(ds2411.o)
                                        0xb40 (size before relaxing)
 .stab          0x000000000000498c      0xa38 contiki-sky.a(xmem.o)
                                        0xf60 (size before relaxing)
 .stab          0x00000000000053c4      0x2b8 contiki-sky.a(node-id.o)
                                        0x4e0 (size before relaxing)
 .stab          0x000000000000567c      0x654 contiki-sky.a(sensors.o)
                                        0xb70 (size before relaxing)
 .stab          0x0000000000005cd0     0x234c contiki-sky.a(cc2420.o)
                                       0x2cc4 (size before relaxing)
 .stab          0x000000000000801c      0x9d8 contiki-sky.a(cc2420-arch.o)
                                       0x1404 (size before relaxing)
 .stab          0x00000000000089f4      0x60c contiki-sky.a(uart1.o)
                                        0x960 (size before relaxing)
 .stab          0x0000000000009000      0x27c contiki-sky.a(uart1-putchar.o)
                                        0x7bc (size before relaxing)
 .stab          0x000000000000927c      0x744 contiki-sky.a(msp430.o)
                                        0xa98 (size before relaxing)
 .stab          0x00000000000099c0      0x948 contiki-sky.a(clock.o)
                                        0xc9c (size before relaxing)
 .stab          0x000000000000a308      0x5dc contiki-sky.a(leds.o)
                                        0x828 (size before relaxing)
 .stab          0x000000000000a8e4      0x3a8 contiki-sky.a(leds-arch.o)
                                        0x6fc (size before relaxing)
 .stab          0x000000000000ac8c      0x3fc contiki-sky.a(watchdog.o)
                                        0x750 (size before relaxing)
 .stab          0x000000000000b088      0x3cc contiki-sky.a(rtimer-arch.o)
                                        0x720 (size before relaxing)
 .stab          0x000000000000b454      0x294 contiki-sky.a(autostart.o)
                                        0x534 (size before relaxing)
 .stab          0x000000000000b6e8      0x474 contiki-sky.a(energest.o)
                                        0x6fc (size before relaxing)
 .stab          0x000000000000bb5c      0x7a4 contiki-sky.a(ctimer.o)
                                        0xb10 (size before relaxing)
 .stab          0x000000000000c300      0xa38 contiki-sky.a(etimer.o)
                                        0xd08 (size before relaxing)
 .stab          0x000000000000cd38      0xb7c contiki-sky.a(process.o)
                                       0x1014 (size before relaxing)
 .stab          0x000000000000d8b4      0x3d8 contiki-sky.a(rtimer.o)
                                        0x6c0 (size before relaxing)
 .stab          0x000000000000dc8c      0x354 contiki-sky.a(timer.o)
                                        0x594 (size before relaxing)
 .stab          0x000000000000dfe0      0x534 contiki-sky.a(serial-line.o)
                                        0xa50 (size before relaxing)
 .stab          0x000000000000e514      0x7f8 contiki-sky.a(list.o)
                                        0x804 (size before relaxing)
 .stab          0x000000000000ed0c      0x228 contiki-sky.a(random.o)
                                        0x624 (size before relaxing)
 .stab          0x000000000000ef34      0x3fc contiki-sky.a(ringbuf.o)
                                        0x63c (size before relaxing)
 .stab          0x000000000000f330      0xcd8 contiki-sky.a(rime.o)
                                       0x141c (size before relaxing)
 .stab          0x0000000000010008      0x948 contiki-sky.a(broadcast-annou)
                                       0x15c0 (size before relaxing)
 .stab          0x0000000000010950      0x6d8 contiki-sky.a(broadcast.o)
                                       0x150c (size before relaxing)
 .stab          0x0000000000011028      0x678 contiki-sky.a(channel.o)
                                       0x129c (size before relaxing)
 .stab          0x00000000000116a0      0x594 contiki-sky.a(chameleon.o)
                                       0x123c (size before relaxing)
 .stab          0x0000000000011c34      0x66c contiki-sky.a(abc.o)
                                       0x14a0 (size before relaxing)
 .stab          0x00000000000122a0      0x6e4 contiki-sky.a(announcement.o)
                                        0x984 (size before relaxing)
 .stab          0x0000000000012984      0xe04 contiki-sky.a(csma.o)
                                       0x15b4 (size before relaxing)
 .stab          0x0000000000013788      0x1f8 contiki-sky.a(mac.o)
                                        0x4ec (size before relaxing)
 .stab          0x0000000000013980      0xa5c contiki-sky.a(queuebuf.o)
                                       0x1890 (size before relaxing)
 .stab          0x00000000000143dc      0xda4 contiki-sky.a(packetbuf.o)
                                       0x1bf0 (size before relaxing)
 .stab          0x0000000000015180      0x2c4 contiki-sky.a(linkaddr.o)
                                        0x6c0 (size before relaxing)
 .stab          0x0000000000015444     0x16ec contiki-sky.a(contikimac.o)
                                       0x22f8 (size before relaxing)
 .stab          0x0000000000016b30      0x6e4 contiki-sky.a(contikimac-fram)
                                        0xf24 (size before relaxing)
 .stab          0x0000000000017214      0x6a8 contiki-sky.a(nullsec.o)
                                        0xda4 (size before relaxing)
 .stab          0x00000000000178bc      0x204 contiki-sky.a(spi.o)
                                        0x42c (size before relaxing)
 .stab          0x0000000000017ac0      0x51c contiki-sky.a(compower.o)
                                        0xd20 (size before relaxing)
 .stab          0x0000000000017fdc      0x5c4 contiki-sky.a(memb.o)
                                        0xaf8 (size before relaxing)
 .stab          0x00000000000185a0      0xd80 contiki-sky.a(chameleon-bitop)
                                       0x19f8 (size before relaxing)
 .stab          0x0000000000019320      0x600 contiki-sky.a(mac-sequence.o)
                                       0x144c (size before relaxing)
 .stab          0x0000000000019920      0x930 contiki-sky.a(framer-802154.o)
                                        0xf6c (size before relaxing)
 .stab          0x000000000001a250      0x318 contiki-sky.a(framer.o)
                                        0xc54 (size before relaxing)
 .stab          0x000000000001a568      0x924 contiki-sky.a(frame802154.o)
                                       0x10f8 (size before relaxing)

.stabstr        0x0000000000000000    0x1692c
 *(.stabstr)
 .stabstr       0x0000000000000000    0x1692c PANC.co

.stab.excl
 *(.stab.excl)

.stab.exclstr
 *(.stab.exclstr)

.stab.index
 *(.stab.index)

.stab.indexstr
 *(.stab.indexstr)

.comment
 *(.comment)

.debug
 *(.debug)

.line
 *(.line)

.debug_srcinfo
 *(.debug_srcinfo)

.debug_sfnames
 *(.debug_sfnames)

.debug_aranges  0x0000000000000000      0x258
 *(.debug_aranges)
 .debug_aranges
                0x0000000000000000       0x14 /usr/lib/gcc/msp430/4.6.3/mmpy-16/libgcc.a(_mulsi3.o)
 .debug_aranges
                0x0000000000000014       0x14 /usr/lib/gcc/msp430/4.6.3/mmpy-16/libgcc.a(_udivmod16.o)
 .debug_aranges
                0x0000000000000028       0x14 /usr/lib/gcc/msp430/4.6.3/mmpy-16/libgcc.a(_divmod16.o)
 .debug_aranges
                0x000000000000003c       0x14 /usr/lib/gcc/msp430/4.6.3/mmpy-16/libgcc.a(_udivmod32.o)
 .debug_aranges
                0x0000000000000050       0x14 /usr/lib/gcc/msp430/4.6.3/mmpy-16/libgcc.a(_lt_sf.o)
 .debug_aranges
                0x0000000000000064       0x14 /usr/lib/gcc/msp430/4.6.3/mmpy-16/libgcc.a(_si_to_sf.o)
 .debug_aranges
                0x0000000000000078       0x14 /usr/lib/gcc/msp430/4.6.3/mmpy-16/libgcc.a(_clzsi2.o)
 .debug_aranges
                0x000000000000008c       0x14 /usr/lib/gcc/msp430/4.6.3/mmpy-16/libgcc.a(_pack_sf.o)
 .debug_aranges
                0x00000000000000a0       0x14 /usr/lib/gcc/msp430/4.6.3/mmpy-16/libgcc.a(_unpack_sf.o)
 .debug_aranges
                0x00000000000000b4       0x14 /usr/lib/gcc/msp430/4.6.3/mmpy-16/libgcc.a(_fpcmp_parts_sf.o)
 .debug_aranges
                0x00000000000000c8       0x14 /usr/lib/gcc/msp430/4.6.3/../../../../msp430/lib/mmpy-16/libc.a(strcmp.o)
 .debug_aranges
                0x00000000000000dc       0x14 /usr/lib/gcc/msp430/4.6.3/../../../../msp430/lib/mmpy-16/libc.a(strncmp.o)
 .debug_aranges
                0x00000000000000f0       0x14 /usr/lib/gcc/msp430/4.6.3/../../../../msp430/lib/mmpy-16/libc.a(memcmp.o)
 .debug_aranges
                0x0000000000000104       0x14 /usr/lib/gcc/msp430/4.6.3/../../../../msp430/lib/mmpy-16/libc.a(memcpy.o)
 .debug_aranges
                0x0000000000000118       0x14 /usr/lib/gcc/msp430/4.6.3/../../../../msp430/lib/mmpy-16/libc.a(strdup.o)
 .debug_aranges
                0x000000000000012c       0x14 /usr/lib/gcc/msp430/4.6.3/../../../../msp430/lib/mmpy-16/libc.a(memset.o)
 .debug_aranges
                0x0000000000000140       0x14 /usr/lib/gcc/msp430/4.6.3/../../../../msp430/lib/mmpy-16/libc.a(strstr.o)
 .debug_aranges
                0x0000000000000154       0x14 /usr/lib/gcc/msp430/4.6.3/../../../../msp430/lib/mmpy-16/libc.a(strtok.o)
 .debug_aranges
                0x0000000000000168       0x14 /usr/lib/gcc/msp430/4.6.3/../../../../msp430/lib/mmpy-16/libc.a(malloc.o)
 .debug_aranges
                0x000000000000017c       0x14 /usr/lib/gcc/msp430/4.6.3/../../../../msp430/lib/mmpy-16/libc.a(printf.o)
 .debug_aranges
                0x0000000000000190       0x14 /usr/lib/gcc/msp430/4.6.3/../../../../msp430/lib/mmpy-16/libc.a(vuprintf.o)
 .debug_aranges
                0x00000000000001a4       0x14 /usr/lib/gcc/msp430/4.6.3/../../../../msp430/lib/mmpy-16/libc.a(puts.o)
 .debug_aranges
                0x00000000000001b8       0x14 /usr/lib/gcc/msp430/4.6.3/../../../../msp430/lib/mmpy-16/libc.a(rand.o)
 .debug_aranges
                0x00000000000001cc       0x14 /usr/lib/gcc/msp430/4.6.3/mmpy-16/libgcc.a(_udivmod64.o)
 .debug_aranges
                0x00000000000001e0       0x14 /usr/lib/gcc/msp430/4.6.3/mmpy-16/libcrt0.a(__watchdog_support.o)
 .debug_aranges
                0x00000000000001f4       0x14 /usr/lib/gcc/msp430/4.6.3/mmpy-16/libcrt0.a(__init_stack.o)
 .debug_aranges
                0x0000000000000208       0x14 /usr/lib/gcc/msp430/4.6.3/mmpy-16/libcrt0.a(_copy_data.o)
 .debug_aranges
                0x000000000000021c       0x14 /usr/lib/gcc/msp430/4.6.3/mmpy-16/libcrt0.a(_clear_bss.o)
 .debug_aranges
                0x0000000000000230       0x14 /usr/lib/gcc/msp430/4.6.3/mmpy-16/libcrt0.a(_endless_loop__.o)
 .debug_aranges
                0x0000000000000244       0x14 /usr/lib/gcc/msp430/4.6.3/mmpy-16/libcrt0.a(_unexpected_.o)

.debug_pubnames
 *(.debug_pubnames)

.debug_info     0x0000000000000000     0x2736
 *(.debug_info)
 .debug_info    0x0000000000000000       0xec /usr/lib/gcc/msp430/4.6.3/mmpy-16/libgcc.a(_mulsi3.o)
 .debug_info    0x00000000000000ec       0xec /usr/lib/gcc/msp430/4.6.3/mmpy-16/libgcc.a(_udivmod16.o)
 .debug_info    0x00000000000001d8       0xec /usr/lib/gcc/msp430/4.6.3/mmpy-16/libgcc.a(_divmod16.o)
 .debug_info    0x00000000000002c4       0xec /usr/lib/gcc/msp430/4.6.3/mmpy-16/libgcc.a(_udivmod32.o)
 .debug_info    0x00000000000003b0      0x26e /usr/lib/gcc/msp430/4.6.3/mmpy-16/libgcc.a(_lt_sf.o)
 .debug_info    0x000000000000061e      0x20b /usr/lib/gcc/msp430/4.6.3/mmpy-16/libgcc.a(_si_to_sf.o)
 .debug_info    0x0000000000000829      0x109 /usr/lib/gcc/msp430/4.6.3/mmpy-16/libgcc.a(_clzsi2.o)
 .debug_info    0x0000000000000932      0x2b1 /usr/lib/gcc/msp430/4.6.3/mmpy-16/libgcc.a(_pack_sf.o)
 .debug_info    0x0000000000000be3      0x23e /usr/lib/gcc/msp430/4.6.3/mmpy-16/libgcc.a(_unpack_sf.o)
 .debug_info    0x0000000000000e21      0x1d5 /usr/lib/gcc/msp430/4.6.3/mmpy-16/libgcc.a(_fpcmp_parts_sf.o)
 .debug_info    0x0000000000000ff6       0xa0 /usr/lib/gcc/msp430/4.6.3/mmpy-16/libgcc.a(_clz.o)
 .debug_info    0x0000000000001096       0xa4 /usr/lib/gcc/msp430/4.6.3/../../../../msp430/lib/mmpy-16/libc.a(strcmp.o)
 .debug_info    0x000000000000113a       0xbb /usr/lib/gcc/msp430/4.6.3/../../../../msp430/lib/mmpy-16/libc.a(strncmp.o)
 .debug_info    0x00000000000011f5       0xe8 /usr/lib/gcc/msp430/4.6.3/../../../../msp430/lib/mmpy-16/libc.a(memcmp.o)
 .debug_info    0x00000000000012dd      0x113 /usr/lib/gcc/msp430/4.6.3/../../../../msp430/lib/mmpy-16/libc.a(memcpy.o)
 .debug_info    0x00000000000013f0       0xc7 /usr/lib/gcc/msp430/4.6.3/../../../../msp430/lib/mmpy-16/libc.a(strdup.o)
 .debug_info    0x00000000000014b7       0xfe /usr/lib/gcc/msp430/4.6.3/../../../../msp430/lib/mmpy-16/libc.a(memset.o)
 .debug_info    0x00000000000015b5       0xe0 /usr/lib/gcc/msp430/4.6.3/../../../../msp430/lib/mmpy-16/libc.a(strstr.o)
 .debug_info    0x0000000000001695      0x151 /usr/lib/gcc/msp430/4.6.3/../../../../msp430/lib/mmpy-16/libc.a(strtok.o)
 .debug_info    0x00000000000017e6      0x151 /usr/lib/gcc/msp430/4.6.3/../../../../msp430/lib/mmpy-16/libc.a(malloc.o)
 .debug_info    0x0000000000001937      0x105 /usr/lib/gcc/msp430/4.6.3/../../../../msp430/lib/mmpy-16/libc.a(printf.o)
 .debug_info    0x0000000000001a3c      0x565 /usr/lib/gcc/msp430/4.6.3/../../../../msp430/lib/mmpy-16/libc.a(vuprintf.o)
 .debug_info    0x0000000000001fa1       0x96 /usr/lib/gcc/msp430/4.6.3/../../../../msp430/lib/mmpy-16/libc.a(puts.o)
 .debug_info    0x0000000000002037      0x13f /usr/lib/gcc/msp430/4.6.3/../../../../msp430/lib/mmpy-16/libc.a(rand.o)
 .debug_info    0x0000000000002176       0xec /usr/lib/gcc/msp430/4.6.3/mmpy-16/libgcc.a(_udivmod64.o)
 .debug_info    0x0000000000002262       0xce /usr/lib/gcc/msp430/4.6.3/mmpy-16/libcrt0.a(__watchdog_support.o)
 .debug_info    0x0000000000002330       0xce /usr/lib/gcc/msp430/4.6.3/mmpy-16/libcrt0.a(__init_stack.o)
 .debug_info    0x00000000000023fe       0xce /usr/lib/gcc/msp430/4.6.3/mmpy-16/libcrt0.a(_copy_data.o)
 .debug_info    0x00000000000024cc       0xce /usr/lib/gcc/msp430/4.6.3/mmpy-16/libcrt0.a(_clear_bss.o)
 .debug_info    0x000000000000259a       0xce /usr/lib/gcc/msp430/4.6.3/mmpy-16/libcrt0.a(_endless_loop__.o)
 .debug_info    0x0000000000002668       0xce /usr/lib/gcc/msp430/4.6.3/mmpy-16/libcrt0.a(_unexpected_.o)
 *(.gnu.linkonce.wi.*)

.debug_abbrev   0x0000000000000000     0x1243
 *(.debug_abbrev)
 .debug_abbrev  0x0000000000000000       0x14 /usr/lib/gcc/msp430/4.6.3/mmpy-16/libgcc.a(_mulsi3.o)
 .debug_abbrev  0x0000000000000014       0x14 /usr/lib/gcc/msp430/4.6.3/mmpy-16/libgcc.a(_udivmod16.o)
 .debug_abbrev  0x0000000000000028       0x14 /usr/lib/gcc/msp430/4.6.3/mmpy-16/libgcc.a(_divmod16.o)
 .debug_abbrev  0x000000000000003c       0x14 /usr/lib/gcc/msp430/4.6.3/mmpy-16/libgcc.a(_udivmod32.o)
 .debug_abbrev  0x0000000000000050      0x151 /usr/lib/gcc/msp430/4.6.3/mmpy-16/libgcc.a(_lt_sf.o)
 .debug_abbrev  0x00000000000001a1      0x164 /usr/lib/gcc/msp430/4.6.3/mmpy-16/libgcc.a(_si_to_sf.o)
 .debug_abbrev  0x0000000000000305       0xac /usr/lib/gcc/msp430/4.6.3/mmpy-16/libgcc.a(_clzsi2.o)
 .debug_abbrev  0x00000000000003b1      0x192 /usr/lib/gcc/msp430/4.6.3/mmpy-16/libgcc.a(_pack_sf.o)
 .debug_abbrev  0x0000000000000543      0x15a /usr/lib/gcc/msp430/4.6.3/mmpy-16/libgcc.a(_unpack_sf.o)
 .debug_abbrev  0x000000000000069d      0x10b /usr/lib/gcc/msp430/4.6.3/mmpy-16/libgcc.a(_fpcmp_parts_sf.o)
 .debug_abbrev  0x00000000000007a8       0x61 /usr/lib/gcc/msp430/4.6.3/mmpy-16/libgcc.a(_clz.o)
 .debug_abbrev  0x0000000000000809       0x60 /usr/lib/gcc/msp430/4.6.3/../../../../msp430/lib/mmpy-16/libc.a(strcmp.o)
 .debug_abbrev  0x0000000000000869       0x7c /usr/lib/gcc/msp430/4.6.3/../../../../msp430/lib/mmpy-16/libc.a(strncmp.o)
 .debug_abbrev  0x00000000000008e5       0x9b /usr/lib/gcc/msp430/4.6.3/../../../../msp430/lib/mmpy-16/libc.a(memcmp.o)
 .debug_abbrev  0x0000000000000980       0x97 /usr/lib/gcc/msp430/4.6.3/../../../../msp430/lib/mmpy-16/libc.a(memcpy.o)
 .debug_abbrev  0x0000000000000a17       0x8b /usr/lib/gcc/msp430/4.6.3/../../../../msp430/lib/mmpy-16/libc.a(strdup.o)
 .debug_abbrev  0x0000000000000aa2       0x9c /usr/lib/gcc/msp430/4.6.3/../../../../msp430/lib/mmpy-16/libc.a(memset.o)
 .debug_abbrev  0x0000000000000b3e       0x8b /usr/lib/gcc/msp430/4.6.3/../../../../msp430/lib/mmpy-16/libc.a(strstr.o)
 .debug_abbrev  0x0000000000000bc9       0xe7 /usr/lib/gcc/msp430/4.6.3/../../../../msp430/lib/mmpy-16/libc.a(strtok.o)
 .debug_abbrev  0x0000000000000cb0       0xf8 /usr/lib/gcc/msp430/4.6.3/../../../../msp430/lib/mmpy-16/libc.a(malloc.o)
 .debug_abbrev  0x0000000000000da8       0xd0 /usr/lib/gcc/msp430/4.6.3/../../../../msp430/lib/mmpy-16/libc.a(printf.o)
 .debug_abbrev  0x0000000000000e78      0x1ef /usr/lib/gcc/msp430/4.6.3/../../../../msp430/lib/mmpy-16/libc.a(vuprintf.o)
 .debug_abbrev  0x0000000000001067       0x60 /usr/lib/gcc/msp430/4.6.3/../../../../msp430/lib/mmpy-16/libc.a(puts.o)
 .debug_abbrev  0x00000000000010c7       0xf0 /usr/lib/gcc/msp430/4.6.3/../../../../msp430/lib/mmpy-16/libc.a(rand.o)
 .debug_abbrev  0x00000000000011b7       0x14 /usr/lib/gcc/msp430/4.6.3/mmpy-16/libgcc.a(_udivmod64.o)
 .debug_abbrev  0x00000000000011cb       0x14 /usr/lib/gcc/msp430/4.6.3/mmpy-16/libcrt0.a(__watchdog_support.o)
 .debug_abbrev  0x00000000000011df       0x14 /usr/lib/gcc/msp430/4.6.3/mmpy-16/libcrt0.a(__init_stack.o)
 .debug_abbrev  0x00000000000011f3       0x14 /usr/lib/gcc/msp430/4.6.3/mmpy-16/libcrt0.a(_copy_data.o)
 .debug_abbrev  0x0000000000001207       0x14 /usr/lib/gcc/msp430/4.6.3/mmpy-16/libcrt0.a(_clear_bss.o)
 .debug_abbrev  0x000000000000121b       0x14 /usr/lib/gcc/msp430/4.6.3/mmpy-16/libcrt0.a(_endless_loop__.o)
 .debug_abbrev  0x000000000000122f       0x14 /usr/lib/gcc/msp430/4.6.3/mmpy-16/libcrt0.a(_unexpected_.o)

.debug_line     0x0000000000000000     0x15b7
 *(.debug_line)
 .debug_line    0x0000000000000000       0xae /usr/lib/gcc/msp430/4.6.3/mmpy-16/libgcc.a(_mulsi3.o)
 .debug_line    0x00000000000000ae       0xa7 /usr/lib/gcc/msp430/4.6.3/mmpy-16/libgcc.a(_udivmod16.o)
 .debug_line    0x0000000000000155       0xb2 /usr/lib/gcc/msp430/4.6.3/mmpy-16/libgcc.a(_divmod16.o)
 .debug_line    0x0000000000000207       0xb6 /usr/lib/gcc/msp430/4.6.3/mmpy-16/libgcc.a(_udivmod32.o)
 .debug_line    0x00000000000002bd       0xbc /usr/lib/gcc/msp430/4.6.3/mmpy-16/libgcc.a(_lt_sf.o)
 .debug_line    0x0000000000000379       0xd4 /usr/lib/gcc/msp430/4.6.3/mmpy-16/libgcc.a(_si_to_sf.o)
 .debug_line    0x000000000000044d       0xc9 /usr/lib/gcc/msp430/4.6.3/mmpy-16/libgcc.a(_clzsi2.o)
 .debug_line    0x0000000000000516      0x10d /usr/lib/gcc/msp430/4.6.3/mmpy-16/libgcc.a(_pack_sf.o)
 .debug_line    0x0000000000000623       0xe8 /usr/lib/gcc/msp430/4.6.3/mmpy-16/libgcc.a(_unpack_sf.o)
 .debug_line    0x000000000000070b       0xf3 /usr/lib/gcc/msp430/4.6.3/mmpy-16/libgcc.a(_fpcmp_parts_sf.o)
 .debug_line    0x00000000000007fe       0x8b /usr/lib/gcc/msp430/4.6.3/mmpy-16/libgcc.a(_clz.o)
 .debug_line    0x0000000000000889       0x49 /usr/lib/gcc/msp430/4.6.3/../../../../msp430/lib/mmpy-16/libc.a(strcmp.o)
 .debug_line    0x00000000000008d2       0x75 /usr/lib/gcc/msp430/4.6.3/../../../../msp430/lib/mmpy-16/libc.a(strncmp.o)
 .debug_line    0x0000000000000947       0x73 /usr/lib/gcc/msp430/4.6.3/../../../../msp430/lib/mmpy-16/libc.a(memcmp.o)
 .debug_line    0x00000000000009ba       0xe9 /usr/lib/gcc/msp430/4.6.3/../../../../msp430/lib/mmpy-16/libc.a(memcpy.o)
 .debug_line    0x0000000000000aa3       0x72 /usr/lib/gcc/msp430/4.6.3/../../../../msp430/lib/mmpy-16/libc.a(strdup.o)
 .debug_line    0x0000000000000b15       0xc8 /usr/lib/gcc/msp430/4.6.3/../../../../msp430/lib/mmpy-16/libc.a(memset.o)
 .debug_line    0x0000000000000bdd       0x79 /usr/lib/gcc/msp430/4.6.3/../../../../msp430/lib/mmpy-16/libc.a(strstr.o)
 .debug_line    0x0000000000000c56       0x6a /usr/lib/gcc/msp430/4.6.3/../../../../msp430/lib/mmpy-16/libc.a(strtok.o)
 .debug_line    0x0000000000000cc0       0xbe /usr/lib/gcc/msp430/4.6.3/../../../../msp430/lib/mmpy-16/libc.a(malloc.o)
 .debug_line    0x0000000000000d7e       0x72 /usr/lib/gcc/msp430/4.6.3/../../../../msp430/lib/mmpy-16/libc.a(printf.o)
 .debug_line    0x0000000000000df0      0x2d2 /usr/lib/gcc/msp430/4.6.3/../../../../msp430/lib/mmpy-16/libc.a(vuprintf.o)
 .debug_line    0x00000000000010c2       0x4d /usr/lib/gcc/msp430/4.6.3/../../../../msp430/lib/mmpy-16/libc.a(puts.o)
 .debug_line    0x000000000000110f       0x4f /usr/lib/gcc/msp430/4.6.3/../../../../msp430/lib/mmpy-16/libc.a(rand.o)
 .debug_line    0x000000000000115e       0xfc /usr/lib/gcc/msp430/4.6.3/mmpy-16/libgcc.a(_udivmod64.o)
 .debug_line    0x000000000000125a       0x8f /usr/lib/gcc/msp430/4.6.3/mmpy-16/libcrt0.a(__watchdog_support.o)
 .debug_line    0x00000000000012e9       0x8d /usr/lib/gcc/msp430/4.6.3/mmpy-16/libcrt0.a(__init_stack.o)
 .debug_line    0x0000000000001376       0x93 /usr/lib/gcc/msp430/4.6.3/mmpy-16/libcrt0.a(_copy_data.o)
 .debug_line    0x0000000000001409       0x93 /usr/lib/gcc/msp430/4.6.3/mmpy-16/libcrt0.a(_clear_bss.o)
 .debug_line    0x000000000000149c       0x8e /usr/lib/gcc/msp430/4.6.3/mmpy-16/libcrt0.a(_endless_loop__.o)
 .debug_line    0x000000000000152a       0x8d /usr/lib/gcc/msp430/4.6.3/mmpy-16/libcrt0.a(_unexpected_.o)

.debug_frame    0x0000000000000000      0x3fc
 *(.debug_frame)
 .debug_frame   0x0000000000000000       0x22 /usr/lib/gcc/msp430/4.6.3/mmpy-16/libgcc.a(_lt_sf.o)
 .debug_frame   0x0000000000000022       0x2c /usr/lib/gcc/msp430/4.6.3/mmpy-16/libgcc.a(_si_to_sf.o)
 .debug_frame   0x000000000000004e       0x2e /usr/lib/gcc/msp430/4.6.3/mmpy-16/libgcc.a(_clzsi2.o)
 .debug_frame   0x000000000000007c       0x38 /usr/lib/gcc/msp430/4.6.3/mmpy-16/libgcc.a(_pack_sf.o)
 .debug_frame   0x00000000000000b4       0x28 /usr/lib/gcc/msp430/4.6.3/mmpy-16/libgcc.a(_unpack_sf.o)
 .debug_frame   0x00000000000000dc       0x24 /usr/lib/gcc/msp430/4.6.3/mmpy-16/libgcc.a(_fpcmp_parts_sf.o)
 .debug_frame   0x0000000000000100       0x1e /usr/lib/gcc/msp430/4.6.3/../../../../msp430/lib/mmpy-16/libc.a(strcmp.o)
 .debug_frame   0x000000000000011e       0x24 /usr/lib/gcc/msp430/4.6.3/../../../../msp430/lib/mmpy-16/libc.a(strncmp.o)
 .debug_frame   0x0000000000000142       0x24 /usr/lib/gcc/msp430/4.6.3/../../../../msp430/lib/mmpy-16/libc.a(memcmp.o)
 .debug_frame   0x0000000000000166       0x38 /usr/lib/gcc/msp430/4.6.3/../../../../msp430/lib/mmpy-16/libc.a(memcpy.o)
 .debug_frame   0x000000000000019e       0x2e /usr/lib/gcc/msp430/4.6.3/../../../../msp430/lib/mmpy-16/libc.a(strdup.o)
 .debug_frame   0x00000000000001cc       0x32 /usr/lib/gcc/msp430/4.6.3/../../../../msp430/lib/mmpy-16/libc.a(memset.o)
 .debug_frame   0x00000000000001fe       0x38 /usr/lib/gcc/msp430/4.6.3/../../../../msp430/lib/mmpy-16/libc.a(strstr.o)
 .debug_frame   0x0000000000000236       0x3a /usr/lib/gcc/msp430/4.6.3/../../../../msp430/lib/mmpy-16/libc.a(strtok.o)
 .debug_frame   0x0000000000000270       0x52 /usr/lib/gcc/msp430/4.6.3/../../../../msp430/lib/mmpy-16/libc.a(malloc.o)
 .debug_frame   0x00000000000002c2       0x2a /usr/lib/gcc/msp430/4.6.3/../../../../msp430/lib/mmpy-16/libc.a(printf.o)
 .debug_frame   0x00000000000002ec       0xb0 /usr/lib/gcc/msp430/4.6.3/../../../../msp430/lib/mmpy-16/libc.a(vuprintf.o)
 .debug_frame   0x000000000000039c       0x24 /usr/lib/gcc/msp430/4.6.3/../../../../msp430/lib/mmpy-16/libc.a(puts.o)
 .debug_frame   0x00000000000003c0       0x3c /usr/lib/gcc/msp430/4.6.3/../../../../msp430/lib/mmpy-16/libc.a(rand.o)

.debug_str      0x0000000000000000      0x6ff
 *(.debug_str)
 .debug_str     0x0000000000000000      0x19e /usr/lib/gcc/msp430/4.6.3/mmpy-16/libgcc.a(_lt_sf.o)
                                        0x1e7 (size before relaxing)
 .debug_str     0x000000000000019e       0x27 /usr/lib/gcc/msp430/4.6.3/mmpy-16/libgcc.a(_si_to_sf.o)
                                        0x1d6 (size before relaxing)
 .debug_str     0x00000000000001c5       0xa8 /usr/lib/gcc/msp430/4.6.3/mmpy-16/libgcc.a(_clzsi2.o)
                                        0x19f (size before relaxing)